stm32f2xx_hal_spi.c:312:19:HAL_SPI_Init	16	static
stm32f2xx_hal_spi.c:438:19:HAL_SPI_DeInit	16	static
stm32f2xx_hal_spi.c:482:13:HAL_SPI_MspInit	16	static
stm32f2xx_hal_spi.c:498:13:HAL_SPI_MspDeInit	16	static
stm32f2xx_hal_spi.c:770:19:HAL_SPI_Transmit	40	static
stm32f2xx_hal_spi.c:935:19:HAL_SPI_Receive	40	static
stm32f2xx_hal_spi.c:1128:19:HAL_SPI_TransmitReceive	56	static
stm32f2xx_hal_spi.c:1347:19:HAL_SPI_Transmit_IT	32	static
stm32f2xx_hal_spi.c:1432:19:HAL_SPI_Receive_IT	32	static
stm32f2xx_hal_spi.c:1526:19:HAL_SPI_TransmitReceive_IT	32	static
stm32f2xx_hal_spi.c:1614:19:HAL_SPI_Transmit_DMA	32	static
stm32f2xx_hal_spi.c:1722:19:HAL_SPI_Receive_DMA	32	static
stm32f2xx_hal_spi.c:1837:19:HAL_SPI_TransmitReceive_DMA	32	static
stm32f2xx_hal_spi.c:1983:19:HAL_SPI_Abort	40	static
stm32f2xx_hal_spi.c:2128:19:HAL_SPI_Abort_IT	40	static
stm32f2xx_hal_spi.c:2289:19:HAL_SPI_DMAPause	16	static
stm32f2xx_hal_spi.c:2309:19:HAL_SPI_DMAResume	16	static
stm32f2xx_hal_spi.c:2329:19:HAL_SPI_DMAStop	24	static
stm32f2xx_hal_spi.c:2369:6:HAL_SPI_IRQHandler	40	static
stm32f2xx_hal_spi.c:2476:13:HAL_SPI_TxCpltCallback	16	static
stm32f2xx_hal_spi.c:2492:13:HAL_SPI_RxCpltCallback	16	static
stm32f2xx_hal_spi.c:2508:13:HAL_SPI_TxRxCpltCallback	16	static
stm32f2xx_hal_spi.c:2524:13:HAL_SPI_TxHalfCpltCallback	16	static
stm32f2xx_hal_spi.c:2540:13:HAL_SPI_RxHalfCpltCallback	16	static
stm32f2xx_hal_spi.c:2556:13:HAL_SPI_TxRxHalfCpltCallback	16	static
stm32f2xx_hal_spi.c:2572:13:HAL_SPI_ErrorCallback	16	static
stm32f2xx_hal_spi.c:2590:13:HAL_SPI_AbortCpltCallback	16	static
stm32f2xx_hal_spi.c:2625:22:HAL_SPI_GetState	16	static
stm32f2xx_hal_spi.c:2637:10:HAL_SPI_GetError	16	static
stm32f2xx_hal_spi.c:2662:13:SPI_DMATransmitCplt	32	static
stm32f2xx_hal_spi.c:2719:13:SPI_DMAReceiveCplt	24	static
stm32f2xx_hal_spi.c:2803:13:SPI_DMATransmitReceiveCplt	24	static
stm32f2xx_hal_spi.c:2878:13:SPI_DMAHalfTransmitCplt	24	static
stm32f2xx_hal_spi.c:2896:13:SPI_DMAHalfReceiveCplt	24	static
stm32f2xx_hal_spi.c:2914:13:SPI_DMAHalfTransmitReceiveCplt	24	static
stm32f2xx_hal_spi.c:2932:13:SPI_DMAError	24	static
stm32f2xx_hal_spi.c:2955:13:SPI_DMAAbortOnError	24	static
stm32f2xx_hal_spi.c:2977:13:SPI_DMATxAbortCallback	32	static
stm32f2xx_hal_spi.c:3042:13:SPI_DMARxAbortCallback	32	static
stm32f2xx_hal_spi.c:3101:13:SPI_2linesRxISR_8BIT	16	static
stm32f2xx_hal_spi.c:3157:13:SPI_2linesTxISR_8BIT	16	static
stm32f2xx_hal_spi.c:3193:13:SPI_2linesRxISR_16BIT	16	static
stm32f2xx_hal_spi.c:3245:13:SPI_2linesTxISR_16BIT	16	static
stm32f2xx_hal_spi.c:3298:13:SPI_RxISR_8BIT	16	static
stm32f2xx_hal_spi.c:3350:13:SPI_RxISR_16BIT	16	static
stm32f2xx_hal_spi.c:3383:13:SPI_TxISR_8BIT	16	static
stm32f2xx_hal_spi.c:3408:13:SPI_TxISR_16BIT	16	static
stm32f2xx_hal_spi.c:3438:26:SPI_WaitFlagStateUntilTimeout	40	static
stm32f2xx_hal_spi.c:3505:26:SPI_EndRxTransaction	32	static
stm32f2xx_hal_spi.c:3530:26:SPI_EndRxTxTransaction	32	static
stm32f2xx_hal_spi.c:3547:13:SPI_CloseRxTx_ISR	32	static
stm32f2xx_hal_spi.c:3642:13:SPI_CloseRx_ISR	24	static
stm32f2xx_hal_spi.c:3705:13:SPI_CloseTx_ISR	32	static
stm32f2xx_hal_spi.c:3766:13:SPI_AbortRx_ISR	24	static
stm32f2xx_hal_spi.c:3799:13:SPI_AbortTx_ISR	16	static
