core_cm3.h:1499:26:__NVIC_GetPriorityGrouping	4	static
core_cm3.h:1511:22:__NVIC_EnableIRQ	16	static
core_cm3.h:1639:22:__NVIC_SetPriority	16	static
core_cm3.h:1686:26:NVIC_EncodePriority	40	static
stm32f2xx_ll_dma.h:485:22:LL_DMA_EnableStream	16	static
stm32f2xx_ll_dma.h:505:22:LL_DMA_DisableStream	16	static
stm32f2xx_ll_dma.h:586:22:LL_DMA_SetDataTransferDirection	24	static
stm32f2xx_ll_dma.h:634:22:LL_DMA_SetMode	24	static
stm32f2xx_ll_dma.h:681:22:LL_DMA_SetPeriphIncMode	24	static
stm32f2xx_ll_dma.h:726:22:LL_DMA_SetMemoryIncMode	24	static
stm32f2xx_ll_dma.h:772:22:LL_DMA_SetPeriphSize	24	static
stm32f2xx_ll_dma.h:819:22:LL_DMA_SetMemorySize	24	static
stm32f2xx_ll_dma.h:912:22:LL_DMA_SetStreamPriorityLevel	24	static
stm32f2xx_ll_dma.h:959:22:LL_DMA_SetDataLength	24	static
stm32f2xx_ll_dma.h:1010:22:LL_DMA_SetChannelSelection	24	static
stm32f2xx_ll_dma.h:1267:22:LL_DMA_DisableFifoMode	16	static
stm32f2xx_ll_dma.h:1427:22:LL_DMA_SetMemoryAddress	24	static
stm32f2xx_ll_dma.h:1450:22:LL_DMA_SetPeriphAddress	24	static
stm32f2xx_ll_dma.h:1706:26:LL_DMA_IsActiveFlag_HT6	16	static
stm32f2xx_ll_dma.h:1794:26:LL_DMA_IsActiveFlag_TC6	16	static
stm32f2xx_ll_dma.h:2146:22:LL_DMA_ClearFlag_HT6	16	static
stm32f2xx_ll_dma.h:2234:22:LL_DMA_ClearFlag_TC6	16	static
stm32f2xx_ll_dma.h:2537:22:LL_DMA_EnableIT_HT	16	static
stm32f2xx_ll_dma.h:2577:22:LL_DMA_EnableIT_TC	16	static
stm32f2xx_ll_dma.h:2637:22:LL_DMA_DisableIT_HT	16	static
stm32f2xx_ll_rcc.h:836:22:LL_RCC_HSI_Enable	4	static
stm32f2xx_ll_rcc.h:856:26:LL_RCC_HSI_IsReady	4	static
stm32f2xx_ll_rcc.h:882:22:LL_RCC_HSI_SetCalibTrimming	16	static
stm32f2xx_ll_rcc.h:1010:22:LL_RCC_SetSysClkSource	16	static
stm32f2xx_ll_rcc.h:1023:26:LL_RCC_GetSysClkSource	4	static
stm32f2xx_ll_rcc.h:1043:22:LL_RCC_SetAHBPrescaler	16	static
stm32f2xx_ll_rcc.h:1059:22:LL_RCC_SetAPB1Prescaler	16	static
stm32f2xx_ll_rcc.h:1075:22:LL_RCC_SetAPB2Prescaler	16	static
stm32f2xx_ll_rcc.h:1391:22:LL_RCC_PLL_Enable	4	static
stm32f2xx_ll_rcc.h:1412:26:LL_RCC_PLL_IsReady	4	static
stm32f2xx_ll_rcc.h:1500:22:LL_RCC_PLL_ConfigDomain_SYS	24	static
stm32f2xx_ll_rcc.h:1600:22:LL_RCC_PLL_ConfigDomain_48M	24	static
stm32f2xx_ll_bus.h:240:22:LL_AHB1_GRP1_EnableClock	24	static
stm32f2xx_ll_bus.h:882:22:LL_APB1_GRP1_EnableClock	24	static
stm32f2xx_ll_system.h:686:22:LL_FLASH_SetLatency	16	static
stm32f2xx_ll_system.h:704:26:LL_FLASH_GetLatency	4	static
stm32f2xx_ll_tim.h:1048:22:LL_TIM_EnableCounter	16	static
stm32f2xx_ll_tim.h:1372:26:LL_TIM_GetAutoReload	16	static
stm32f2xx_ll_tim.h:1522:22:LL_TIM_CC_EnableChannel	16	static
stm32f2xx_ll_tim.h:1547:22:LL_TIM_CC_DisableChannel	16	static
stm32f2xx_ll_tim.h:1835:22:LL_TIM_OC_DisableFast	24	static
stm32f2xx_ll_tim.h:1879:22:LL_TIM_OC_EnablePreload	24	static
stm32f2xx_ll_tim.h:2046:22:LL_TIM_OC_SetCompareCH2	16	static
stm32f2xx_ll_tim.h:2648:22:LL_TIM_SetTriggerOutput	16	static
stm32f2xx_ll_tim.h:2714:22:LL_TIM_DisableMasterSlaveMode	16	static
stm32f2xx_ll_tim.h:3666:22:LL_TIM_EnableDMAReq_CC2	16	static
main.c:117:5:main	16	static
main.c:175:6:SystemClock_Config	8	static
main.c:218:6:led_init	88	static
main.c:295:9:led_set_color	16	static
main.c:312:9:led_set_color_all	24	static
main.c:362:9:led_is_update_finished	4	static
main.c:371:9:led_update	16	static
main.c:390:16:led_fill_led_pwm_data	24	static
main.c:419:13:led_update_sequence	16	static
main.c:518:16:led_start_reset_pulse	16	static
main.c:546:6:DMA1_Stream6_IRQHandler	8	static
main.c:563:6:Error_Handler	4	static,ignoring_inline_asm
main.c:582:6:assert_failed	16	static
