core_cm3.h:1499:26:__NVIC_GetPriorityGrouping	4	static
core_cm3.h:1511:22:__NVIC_EnableIRQ	16	static
core_cm3.h:1639:22:__NVIC_SetPriority	16	static
core_cm3.h:1686:26:NVIC_EncodePriority	40	static
stm32f2xx_ll_dma.h:586:22:LL_DMA_SetDataTransferDirection	24	static
stm32f2xx_ll_dma.h:634:22:LL_DMA_SetMode	24	static
stm32f2xx_ll_dma.h:681:22:LL_DMA_SetPeriphIncMode	24	static
stm32f2xx_ll_dma.h:726:22:LL_DMA_SetMemoryIncMode	24	static
stm32f2xx_ll_dma.h:772:22:LL_DMA_SetPeriphSize	24	static
stm32f2xx_ll_dma.h:819:22:LL_DMA_SetMemorySize	24	static
stm32f2xx_ll_dma.h:912:22:LL_DMA_SetStreamPriorityLevel	24	static
stm32f2xx_ll_dma.h:1010:22:LL_DMA_SetChannelSelection	24	static
stm32f2xx_ll_dma.h:1267:22:LL_DMA_DisableFifoMode	16	static
stm32f2xx_ll_bus.h:240:22:LL_AHB1_GRP1_EnableClock	24	static
stm32f2xx_ll_bus.h:882:22:LL_APB1_GRP1_EnableClock	24	static
stm32f2xx_ll_tim.h:1219:22:LL_TIM_EnableARRPreload	16	static
stm32f2xx_ll_tim.h:1230:22:LL_TIM_DisableARRPreload	16	static
stm32f2xx_ll_tim.h:1835:22:LL_TIM_OC_DisableFast	24	static
stm32f2xx_ll_tim.h:1879:22:LL_TIM_OC_EnablePreload	24	static
stm32f2xx_ll_tim.h:2602:22:LL_TIM_SetClockSource	16	static
stm32f2xx_ll_tim.h:2648:22:LL_TIM_SetTriggerOutput	16	static
stm32f2xx_ll_tim.h:2714:22:LL_TIM_DisableMasterSlaveMode	16	static
tim.c:28:6:MX_TIM2_Init	88	static
tim.c:93:6:MX_TIM3_Init	32	static
