Archive member included to satisfy reference by file (symbol)

c:/st/stm32cubeide_1.4.0/stm32cubeide/plugins/com.st.stm32cube.ide.mcu.externaltools.gnu-tools-for-stm32.7-2018-q2-update.win32_1.5.0.202011040924/tools/bin/../lib/gcc/arm-none-eabi/7.3.1/../../../../arm-none-eabi/lib/thumb/v7-m\libc_nano.a(lib_a-errno.o)
                              Core/Src/syscalls.o (__errno)
c:/st/stm32cubeide_1.4.0/stm32cubeide/plugins/com.st.stm32cube.ide.mcu.externaltools.gnu-tools-for-stm32.7-2018-q2-update.win32_1.5.0.202011040924/tools/bin/../lib/gcc/arm-none-eabi/7.3.1/../../../../arm-none-eabi/lib/thumb/v7-m\libc_nano.a(lib_a-exit.o)
                              c:/st/stm32cubeide_1.4.0/stm32cubeide/plugins/com.st.stm32cube.ide.mcu.externaltools.gnu-tools-for-stm32.7-2018-q2-update.win32_1.5.0.202011040924/tools/bin/../lib/gcc/arm-none-eabi/7.3.1/../../../../arm-none-eabi/lib/thumb/v7-m/crt0.o (exit)
c:/st/stm32cubeide_1.4.0/stm32cubeide/plugins/com.st.stm32cube.ide.mcu.externaltools.gnu-tools-for-stm32.7-2018-q2-update.win32_1.5.0.202011040924/tools/bin/../lib/gcc/arm-none-eabi/7.3.1/../../../../arm-none-eabi/lib/thumb/v7-m\libc_nano.a(lib_a-impure.o)
                              c:/st/stm32cubeide_1.4.0/stm32cubeide/plugins/com.st.stm32cube.ide.mcu.externaltools.gnu-tools-for-stm32.7-2018-q2-update.win32_1.5.0.202011040924/tools/bin/../lib/gcc/arm-none-eabi/7.3.1/../../../../arm-none-eabi/lib/thumb/v7-m\libc_nano.a(lib_a-exit.o) (_global_impure_ptr)
c:/st/stm32cubeide_1.4.0/stm32cubeide/plugins/com.st.stm32cube.ide.mcu.externaltools.gnu-tools-for-stm32.7-2018-q2-update.win32_1.5.0.202011040924/tools/bin/../lib/gcc/arm-none-eabi/7.3.1/../../../../arm-none-eabi/lib/thumb/v7-m\libc_nano.a(lib_a-init.o)
                              c:/st/stm32cubeide_1.4.0/stm32cubeide/plugins/com.st.stm32cube.ide.mcu.externaltools.gnu-tools-for-stm32.7-2018-q2-update.win32_1.5.0.202011040924/tools/bin/../lib/gcc/arm-none-eabi/7.3.1/../../../../arm-none-eabi/lib/thumb/v7-m/crt0.o (__libc_init_array)
c:/st/stm32cubeide_1.4.0/stm32cubeide/plugins/com.st.stm32cube.ide.mcu.externaltools.gnu-tools-for-stm32.7-2018-q2-update.win32_1.5.0.202011040924/tools/bin/../lib/gcc/arm-none-eabi/7.3.1/../../../../arm-none-eabi/lib/thumb/v7-m\libc_nano.a(lib_a-malloc.o)
                              Middlewares/ST/STM32_USB_Device_Library/Class/CDC/Src/usbd_cdc.o (malloc)
c:/st/stm32cubeide_1.4.0/stm32cubeide/plugins/com.st.stm32cube.ide.mcu.externaltools.gnu-tools-for-stm32.7-2018-q2-update.win32_1.5.0.202011040924/tools/bin/../lib/gcc/arm-none-eabi/7.3.1/../../../../arm-none-eabi/lib/thumb/v7-m\libc_nano.a(lib_a-memset.o)
                              c:/st/stm32cubeide_1.4.0/stm32cubeide/plugins/com.st.stm32cube.ide.mcu.externaltools.gnu-tools-for-stm32.7-2018-q2-update.win32_1.5.0.202011040924/tools/bin/../lib/gcc/arm-none-eabi/7.3.1/../../../../arm-none-eabi/lib/thumb/v7-m/crt0.o (memset)
c:/st/stm32cubeide_1.4.0/stm32cubeide/plugins/com.st.stm32cube.ide.mcu.externaltools.gnu-tools-for-stm32.7-2018-q2-update.win32_1.5.0.202011040924/tools/bin/../lib/gcc/arm-none-eabi/7.3.1/../../../../arm-none-eabi/lib/thumb/v7-m\libc_nano.a(lib_a-nano-freer.o)
                              c:/st/stm32cubeide_1.4.0/stm32cubeide/plugins/com.st.stm32cube.ide.mcu.externaltools.gnu-tools-for-stm32.7-2018-q2-update.win32_1.5.0.202011040924/tools/bin/../lib/gcc/arm-none-eabi/7.3.1/../../../../arm-none-eabi/lib/thumb/v7-m\libc_nano.a(lib_a-malloc.o) (_free_r)
c:/st/stm32cubeide_1.4.0/stm32cubeide/plugins/com.st.stm32cube.ide.mcu.externaltools.gnu-tools-for-stm32.7-2018-q2-update.win32_1.5.0.202011040924/tools/bin/../lib/gcc/arm-none-eabi/7.3.1/../../../../arm-none-eabi/lib/thumb/v7-m\libc_nano.a(lib_a-nano-mallocr.o)
                              c:/st/stm32cubeide_1.4.0/stm32cubeide/plugins/com.st.stm32cube.ide.mcu.externaltools.gnu-tools-for-stm32.7-2018-q2-update.win32_1.5.0.202011040924/tools/bin/../lib/gcc/arm-none-eabi/7.3.1/../../../../arm-none-eabi/lib/thumb/v7-m\libc_nano.a(lib_a-malloc.o) (_malloc_r)
c:/st/stm32cubeide_1.4.0/stm32cubeide/plugins/com.st.stm32cube.ide.mcu.externaltools.gnu-tools-for-stm32.7-2018-q2-update.win32_1.5.0.202011040924/tools/bin/../lib/gcc/arm-none-eabi/7.3.1/../../../../arm-none-eabi/lib/thumb/v7-m\libc_nano.a(lib_a-sbrkr.o)
                              c:/st/stm32cubeide_1.4.0/stm32cubeide/plugins/com.st.stm32cube.ide.mcu.externaltools.gnu-tools-for-stm32.7-2018-q2-update.win32_1.5.0.202011040924/tools/bin/../lib/gcc/arm-none-eabi/7.3.1/../../../../arm-none-eabi/lib/thumb/v7-m\libc_nano.a(lib_a-nano-mallocr.o) (_sbrk_r)
c:/st/stm32cubeide_1.4.0/stm32cubeide/plugins/com.st.stm32cube.ide.mcu.externaltools.gnu-tools-for-stm32.7-2018-q2-update.win32_1.5.0.202011040924/tools/bin/../lib/gcc/arm-none-eabi/7.3.1/../../../../arm-none-eabi/lib/thumb/v7-m\libc_nano.a(lib_a-mlock.o)
[...]
Memory Configuration

Name             Origin             Length             Attributes
RAM              0x0000000020000000 0x0000000000020000 xrw
FLASH            0x0000000008000000 0x0000000000100000 xr
*default*        0x0000000000000000 0xffffffffffffffff

Linker script and memory map

LOAD c:/st/stm32cubeide_1.4.0/stm32cubeide/plugins/com.st.stm32cube.ide.mcu.externaltools.gnu-tools-for-stm32.7-2018-q2-update.win32_1.5.0.202011040924/tools/bin/../lib/gcc/arm-none-eabi/7.3.1/thumb/v7-m/crti.o
LOAD c:/st/stm32cubeide_1.4.0/stm32cubeide/plugins/com.st.stm32cube.ide.mcu.externaltools.gnu-tools-for-stm32.7-2018-q2-update.win32_1.5.0.202011040924/tools/bin/../lib/gcc/arm-none-eabi/7.3.1/thumb/v7-m/crtbegin.o
LOAD c:/st/stm32cubeide_1.4.0/stm32cubeide/plugins/com.st.stm32cube.ide.mcu.externaltools.gnu-tools-for-stm32.7-2018-q2-update.win32_1.5.0.202011040924/tools/bin/../lib/gcc/arm-none-eabi/7.3.1/../../../../arm-none-eabi/lib/thumb/v7-m/crt0.o
LOAD Core/Src/can.o
LOAD Core/Src/dma.o
LOAD Core/Src/gpio.o
LOAD Core/Src/main.o
LOAD Core/Src/spi.o
LOAD Core/Src/stm32f2xx_hal_msp.o
LOAD Core/Src/stm32f2xx_it.o
LOAD Core/Src/syscalls.o
LOAD Core/Src/sysmem.o
LOAD Core/Src/system_stm32f2xx.o
LOAD Core/Src/tim.o
LOAD Core/Startup/startup_stm32f205vgtx.o
LOAD Drivers/STM32F2xx_HAL_Driver/Src/stm32f2xx_hal.o
LOAD Drivers/STM32F2xx_HAL_Driver/Src/stm32f2xx_hal_can.o
LOAD Drivers/STM32F2xx_HAL_Driver/Src/stm32f2xx_hal_cortex.o
LOAD Drivers/STM32F2xx_HAL_Driver/Src/stm32f2xx_hal_dma.o
LOAD Drivers/STM32F2xx_HAL_Driver/Src/stm32f2xx_hal_dma_ex.o
LOAD Drivers/STM32F2xx_HAL_Driver/Src/stm32f2xx_hal_exti.o
LOAD Drivers/STM32F2xx_HAL_Driver/Src/stm32f2xx_hal_flash.o
LOAD Drivers/STM32F2xx_HAL_Driver/Src/stm32f2xx_hal_flash_ex.o
LOAD Drivers/STM32F2xx_HAL_Driver/Src/stm32f2xx_hal_gpio.o
LOAD Drivers/STM32F2xx_HAL_Driver/Src/stm32f2xx_hal_pcd.o
LOAD Drivers/STM32F2xx_HAL_Driver/Src/stm32f2xx_hal_pcd_ex.o
LOAD Drivers/STM32F2xx_HAL_Driver/Src/stm32f2xx_hal_pwr.o
LOAD Drivers/STM32F2xx_HAL_Driver/Src/stm32f2xx_hal_pwr_ex.o
LOAD Drivers/STM32F2xx_HAL_Driver/Src/stm32f2xx_hal_rcc.o
LOAD Drivers/STM32F2xx_HAL_Driver/Src/stm32f2xx_hal_rcc_ex.o
LOAD Drivers/STM32F2xx_HAL_Driver/Src/stm32f2xx_hal_spi.o
LOAD Drivers/STM32F2xx_HAL_Driver/Src/stm32f2xx_hal_tim.o
LOAD Drivers/STM32F2xx_HAL_Driver/Src/stm32f2xx_hal_tim_ex.o
LOAD Drivers/STM32F2xx_HAL_Driver/Src/stm32f2xx_ll_dma.o
LOAD Drivers/STM32F2xx_HAL_Driver/Src/stm32f2xx_ll_exti.o
LOAD Drivers/STM32F2xx_HAL_Driver/Src/stm32f2xx_ll_gpio.o
LOAD Drivers/STM32F2xx_HAL_Driver/Src/stm32f2xx_ll_rcc.o
LOAD Drivers/STM32F2xx_HAL_Driver/Src/stm32f2xx_ll_tim.o
LOAD Drivers/STM32F2xx_HAL_Driver/Src/stm32f2xx_ll_usb.o
LOAD Drivers/STM32F2xx_HAL_Driver/Src/stm32f2xx_ll_utils.o
LOAD Middlewares/ST/STM32_USB_Device_Library/Class/CDC/Src/usbd_cdc.o
LOAD Middlewares/ST/STM32_USB_Device_Library/Core/Src/usbd_core.o
LOAD Middlewares/ST/STM32_USB_Device_Library/Core/Src/usbd_ctlreq.o
LOAD Middlewares/ST/STM32_USB_Device_Library/Core/Src/usbd_ioreq.o
LOAD USB_DEVICE/App/usb_device.o
LOAD USB_DEVICE/App/usbd_cdc_if.o
LOAD USB_DEVICE/App/usbd_desc.o
LOAD USB_DEVICE/Target/usbd_conf.o
START GROUP
LOAD c:/st/stm32cubeide_1.4.0/stm32cubeide/plugins/com.st.stm32cube.ide.mcu.externaltools.gnu-tools-for-stm32.7-2018-q2-update.win32_1.5.0.202011040924/tools/bin/../lib/gcc/arm-none-eabi/7.3.1/../../../../arm-none-eabi/lib/thumb/v7-m\libc_nano.a
LOAD c:/st/stm32cubeide_1.4.0/stm32cubeide/plugins/com.st.stm32cube.ide.mcu.externaltools.gnu-tools-for-stm32.7-2018-q2-update.win32_1.5.0.202011040924/tools/bin/../lib/gcc/arm-none-eabi/7.3.1/../../../../arm-none-eabi/lib/thumb/v7-m\libm.a
END GROUP
START GROUP
LOAD c:/st/stm32cubeide_1.4.0/stm32cubeide/plugins/com.st.stm32cube.ide.mcu.externaltools.gnu-tools-for-stm32.7-2018-q2-update.win32_1.5.0.202011040924/tools/bin/../lib/gcc/arm-none-eabi/7.3.1/thumb/v7-m\libgcc.a
LOAD c:/st/stm32cubeide_1.4.0/stm32cubeide/plugins/com.st.stm32cube.ide.mcu.externaltools.gnu-tools-for-stm32.7-2018-q2-update.win32_1.5.0.202011040924/tools/bin/../lib/gcc/arm-none-eabi/7.3.1/../../../../arm-none-eabi/lib/thumb/v7-m\libc_nano.a
END GROUP
START GROUP
LOAD c:/st/stm32cubeide_1.4.0/stm32cubeide/plugins/com.st.stm32cube.ide.mcu.externaltools.gnu-tools-for-stm32.7-2018-q2-update.win32_1.5.0.202011040924/tools/bin/../lib/gcc/arm-none-eabi/7.3.1/thumb/v7-m\libgcc.a
LOAD c:/st/stm32cubeide_1.4.0/stm32cubeide/plugins/com.st.stm32cube.ide.mcu.externaltools.gnu-tools-for-stm32.7-2018-q2-update.win32_1.5.0.202011040924/tools/bin/../lib/gcc/arm-none-eabi/7.3.1/../../../../arm-none-eabi/lib/thumb/v7-m\libc_nano.a
LOAD c:/st/stm32cubeide_1.4.0/stm32cubeide/plugins/com.st.stm32cube.ide.mcu.externaltools.gnu-tools-for-stm32.7-2018-q2-update.win32_1.5.0.202011040924/tools/bin/../lib/gcc/arm-none-eabi/7.3.1/../../../../arm-none-eabi/lib/thumb/v7-m\libnosys.a
END GROUP
START GROUP
LOAD c:/st/stm32cubeide_1.4.0/stm32cubeide/plugins/com.st.stm32cube.ide.mcu.externaltools.gnu-tools-for-stm32.7-2018-q2-update.win32_1.5.0.202011040924/tools/bin/../lib/gcc/arm-none-eabi/7.3.1/thumb/v7-m\libgcc.a
LOAD c:/st/stm32cubeide_1.4.0/stm32cubeide/plugins/com.st.stm32cube.ide.mcu.externaltools.gnu-tools-for-stm32.7-2018-q2-update.win32_1.5.0.202011040924/tools/bin/../lib/gcc/arm-none-eabi/7.3.1/../../../../arm-none-eabi/lib/thumb/v7-m\libc_nano.a
LOAD c:/st/stm32cubeide_1.4.0/stm32cubeide/plugins/com.st.stm32cube.ide.mcu.externaltools.gnu-tools-for-stm32.7-2018-q2-update.win32_1.5.0.202011040924/tools/bin/../lib/gcc/arm-none-eabi/7.3.1/../../../../arm-none-eabi/lib/thumb/v7-m\libnosys.a
END GROUP
LOAD c:/st/stm32cubeide_1.4.0/stm32cubeide/plugins/com.st.stm32cube.ide.mcu.externaltools.gnu-tools-for-stm32.7-2018-q2-update.win32_1.5.0.202011040924/tools/bin/../lib/gcc/arm-none-eabi/7.3.1/thumb/v7-m/crtend.o
LOAD c:/st/stm32cubeide_1.4.0/stm32cubeide/plugins/com.st.stm32cube.ide.mcu.externaltools.gnu-tools-for-stm32.7-2018-q2-update.win32_1.5.0.202011040924/tools/bin/../lib/gcc/arm-none-eabi/7.3.1/thumb/v7-m/crtn.o
                0x0000000020020000                _estack = (ORIGIN (RAM) + LENGTH (RAM))
                0x0000000000000200                _Min_Heap_Size = 0x200
                0x0000000000000400                _Min_Stack_Size = 0x400

.isr_vector     0x0000000008000000      0x184
                0x0000000008000000                . = ALIGN (0x4)
 *(.isr_vector)
 .isr_vector    0x0000000008000000      0x184 Core/Startup/startup_stm32f205vgtx.o
                0x0000000008000000                g_pfnVectors
                0x0000000008000184                . = ALIGN (0x4)

.text           0x0000000008000184     0x8e50
                0x0000000008000184                . = ALIGN (0x4)
 *(.text)
 .text          0x0000000008000184       0x40 c:/st/stm32cubeide_1.4.0/stm32cubeide/plugins/com.st.stm32cube.ide.mcu.externaltools.gnu-tools-for-stm32.7-2018-q2-update.win32_1.5.0.202011040924/tools/bin/../lib/gcc/arm-none-eabi/7.3.1/thumb/v7-m/crtbegin.o
 *(.text*)
 .text.MX_CAN2_Init
                0x00000000080001c4       0x68 Core/Src/can.o
                0x00000000080001c4                MX_CAN2_Init
 .text.HAL_CAN_MspInit
                0x000000000800022c       0xac Core/Src/can.o
                0x000000000800022c                HAL_CAN_MspInit
 .text.__NVIC_GetPriorityGrouping
                0x00000000080002d8       0x1c Core/Src/dma.o
 .text.__NVIC_EnableIRQ
                0x00000000080002f4       0x38 Core/Src/dma.o
 .text.__NVIC_SetPriority
                0x000000000800032c       0x54 Core/Src/dma.o
 .text.NVIC_EncodePriority
                0x0000000008000380       0x64 Core/Src/dma.o
 .text.LL_AHB1_GRP1_EnableClock
                0x00000000080003e4       0x30 Core/Src/dma.o
 .text.MX_DMA_Init
                0x0000000008000414       0x30 Core/Src/dma.o
                0x0000000008000414                MX_DMA_Init
 .text.MX_GPIO_Init
                0x0000000008000444      0x210 Core/Src/gpio.o
                0x0000000008000444                MX_GPIO_Init
 .text.__NVIC_GetPriorityGrouping
                0x0000000008000654       0x1c Core/Src/main.o
 .text.__NVIC_EnableIRQ
                0x0000000008000670       0x38 Core/Src/main.o
 .text.__NVIC_SetPriority
                0x00000000080006a8       0x54 Core/Src/main.o
 .text.NVIC_EncodePriority
                0x00000000080006fc       0x64 Core/Src/main.o
 .text.LL_DMA_EnableStream
                0x0000000008000760       0x3c Core/Src/main.o
 .text.LL_DMA_DisableStream
                0x000000000800079c       0x3c Core/Src/main.o
 .text.LL_DMA_SetDataTransferDirection
                0x00000000080007d8       0x44 Core/Src/main.o
 .text.LL_DMA_SetMode
                0x000000000800081c       0x44 Core/Src/main.o
 .text.LL_DMA_SetPeriphIncMode
                0x0000000008000860       0x44 Core/Src/main.o
 .text.LL_DMA_SetMemoryIncMode
                0x00000000080008a4       0x44 Core/Src/main.o
 .text.LL_DMA_SetPeriphSize
                0x00000000080008e8       0x44 Core/Src/main.o
 .text.LL_DMA_SetMemorySize
                0x000000000800092c       0x44 Core/Src/main.o
 .text.LL_DMA_SetStreamPriorityLevel
                0x0000000008000970       0x44 Core/Src/main.o
 .text.LL_DMA_SetDataLength
                0x00000000080009b4       0x44 Core/Src/main.o
 .text.LL_DMA_SetChannelSelection
                0x00000000080009f8       0x44 Core/Src/main.o
 .text.LL_DMA_DisableFifoMode
                0x0000000008000a3c       0x3c Core/Src/main.o
 .text.LL_DMA_SetMemoryAddress
                0x0000000008000a78       0x30 Core/Src/main.o
 .text.LL_DMA_SetPeriphAddress
                0x0000000008000aa8       0x30 Core/Src/main.o
 .text.LL_DMA_IsActiveFlag_HT6
                0x0000000008000ad8       0x26 Core/Src/main.o
 .text.LL_DMA_IsActiveFlag_TC6
                0x0000000008000afe       0x26 Core/Src/main.o
 .text.LL_DMA_ClearFlag_HT6
                0x0000000008000b24       0x1a Core/Src/main.o
 .text.LL_DMA_ClearFlag_TC6
                0x0000000008000b3e       0x1a Core/Src/main.o
 .text.LL_DMA_EnableIT_HT
                0x0000000008000b58       0x3c Core/Src/main.o
 .text.LL_DMA_EnableIT_TC
                0x0000000008000b94       0x3c Core/Src/main.o
 .text.LL_DMA_DisableIT_HT
                0x0000000008000bd0       0x3c Core/Src/main.o
 .text.LL_RCC_HSI_Enable
                0x0000000008000c0c       0x1c Core/Src/main.o
 .text.LL_RCC_HSI_IsReady
                0x0000000008000c28       0x24 Core/Src/main.o
 .text.LL_RCC_HSI_SetCalibTrimming
                0x0000000008000c4c       0x28 Core/Src/main.o
 .text.LL_RCC_SetSysClkSource
                0x0000000008000c74       0x28 Core/Src/main.o
 .text.LL_RCC_GetSysClkSource
                0x0000000008000c9c       0x18 Core/Src/main.o
 .text.LL_RCC_SetAHBPrescaler
                0x0000000008000cb4       0x28 Core/Src/main.o
 .text.LL_RCC_SetAPB1Prescaler
                0x0000000008000cdc       0x28 Core/Src/main.o
 .text.LL_RCC_SetAPB2Prescaler
                0x0000000008000d04       0x28 Core/Src/main.o
 .text.LL_RCC_PLL_Enable
                0x0000000008000d2c       0x1c Core/Src/main.o
 .text.LL_RCC_PLL_IsReady
                0x0000000008000d48       0x24 Core/Src/main.o
 .text.LL_RCC_PLL_ConfigDomain_SYS
                0x0000000008000d6c       0x40 Core/Src/main.o
 .text.LL_RCC_PLL_ConfigDomain_48M
                0x0000000008000dac       0x40 Core/Src/main.o
 .text.LL_AHB1_GRP1_EnableClock
                0x0000000008000dec       0x30 Core/Src/main.o
 .text.LL_APB1_GRP1_EnableClock
                0x0000000008000e1c       0x30 Core/Src/main.o
 .text.LL_FLASH_SetLatency
                0x0000000008000e4c       0x28 Core/Src/main.o
 .text.LL_FLASH_GetLatency
                0x0000000008000e74       0x18 Core/Src/main.o
 .text.LL_TIM_EnableCounter
                0x0000000008000e8c       0x1e Core/Src/main.o
 .text.LL_TIM_GetAutoReload
                0x0000000008000eaa       0x16 Core/Src/main.o
 .text.LL_TIM_CC_EnableChannel
                0x0000000008000ec0       0x20 Core/Src/main.o
 .text.LL_TIM_CC_DisableChannel
                0x0000000008000ee0       0x22 Core/Src/main.o
 *fill*         0x0000000008000f02        0x2 
 .text.LL_TIM_OC_DisableFast
                0x0000000008000f04       0x88 Core/Src/main.o
 .text.LL_TIM_OC_EnablePreload
                0x0000000008000f8c       0x88 Core/Src/main.o
 .text.LL_TIM_OC_SetCompareCH2
                0x0000000008001014       0x1a Core/Src/main.o
 .text.LL_TIM_SetTriggerOutput
                0x000000000800102e       0x24 Core/Src/main.o
 .text.LL_TIM_DisableMasterSlaveMode
                0x0000000008001052       0x1e Core/Src/main.o
 .text.LL_TIM_EnableDMAReq_CC2
                0x0000000008001070       0x1e Core/Src/main.o
 .text.main     0x000000000800108e       0x44 Core/Src/main.o
                0x000000000800108e                main
 *fill*         0x00000000080010d2        0x2 
 .text.SystemClock_Config
                0x00000000080010d4       0xa0 Core/Src/main.o
                0x00000000080010d4                SystemClock_Config
 .text.led_init
                0x0000000008001174      0x1a8 Core/Src/main.o
                0x0000000008001174                led_init
 .text.led_set_color_all
                0x000000000800131c       0x64 Core/Src/main.o
                0x000000000800131c                led_set_color_all
 .text.led_is_update_finished
                0x0000000008001380       0x20 Core/Src/main.o
                0x0000000008001380                led_is_update_finished
 .text.led_update
                0x00000000080013a0       0x44 Core/Src/main.o
                0x00000000080013a0                led_update
 .text.led_fill_led_pwm_data
                0x00000000080013e4      0x120 Core/Src/main.o
 .text.led_update_sequence
                0x0000000008001504      0x14c Core/Src/main.o
 .text.led_start_reset_pulse
                0x0000000008001650       0x98 Core/Src/main.o
 .text.DMA1_Stream6_IRQHandler
                0x00000000080016e8       0x40 Core/Src/main.o
                0x00000000080016e8                DMA1_Stream6_IRQHandler
 .text.Error_Handler
                0x0000000008001728        0x8 Core/Src/main.o
                0x0000000008001728                Error_Handler
 .text.assert_failed
                0x0000000008001730       0x14 Core/Src/main.o
                0x0000000008001730                assert_failed
 .text.MX_SPI1_Init
                0x0000000008001744       0x6c Core/Src/spi.o
                0x0000000008001744                MX_SPI1_Init
 .text.MX_SPI3_Init
                0x00000000080017b0       0x6c Core/Src/spi.o
                0x00000000080017b0                MX_SPI3_Init
 .text.HAL_SPI_MspInit
                0x000000000800181c       0xfc Core/Src/spi.o
                0x000000000800181c                HAL_SPI_MspInit
 .text.HAL_MspInit
                0x0000000008001918       0x4c Core/Src/stm32f2xx_hal_msp.o
                0x0000000008001918                HAL_MspInit
 .text.NMI_Handler
                0x0000000008001964        0x6 Core/Src/stm32f2xx_it.o
                0x0000000008001964                NMI_Handler
 .text.HardFault_Handler
                0x000000000800196a        0x6 Core/Src/stm32f2xx_it.o
                0x000000000800196a                HardFault_Handler
 .text.MemManage_Handler
                0x0000000008001970        0x6 Core/Src/stm32f2xx_it.o
                0x0000000008001970                MemManage_Handler
 .text.BusFault_Handler
                0x0000000008001976        0x6 Core/Src/stm32f2xx_it.o
                0x0000000008001976                BusFault_Handler
 .text.UsageFault_Handler
                0x000000000800197c        0x6 Core/Src/stm32f2xx_it.o
                0x000000000800197c                UsageFault_Handler
 .text.SVC_Handler
                0x0000000008001982        0xc Core/Src/stm32f2xx_it.o
                0x0000000008001982                SVC_Handler
 .text.DebugMon_Handler
                0x000000000800198e        0xc Core/Src/stm32f2xx_it.o
                0x000000000800198e                DebugMon_Handler
 .text.PendSV_Handler
                0x000000000800199a        0xc Core/Src/stm32f2xx_it.o
                0x000000000800199a                PendSV_Handler
 .text.SysTick_Handler
                0x00000000080019a6        0xc Core/Src/stm32f2xx_it.o
                0x00000000080019a6                SysTick_Handler
 .text.EXTI4_IRQHandler
                0x00000000080019b2        0xe Core/Src/stm32f2xx_it.o
                0x00000000080019b2                EXTI4_IRQHandler
 .text.TIM2_IRQHandler
                0x00000000080019c0        0xc Core/Src/stm32f2xx_it.o
                0x00000000080019c0                TIM2_IRQHandler
 .text.TIM3_IRQHandler
                0x00000000080019cc        0xc Core/Src/stm32f2xx_it.o
                0x00000000080019cc                TIM3_IRQHandler
 .text.EXTI15_10_IRQHandler
                0x00000000080019d8       0x10 Core/Src/stm32f2xx_it.o
                0x00000000080019d8                EXTI15_10_IRQHandler
 .text.OTG_FS_IRQHandler
                0x00000000080019e8       0x14 Core/Src/stm32f2xx_it.o
                0x00000000080019e8                OTG_FS_IRQHandler
 .text._sbrk    0x00000000080019fc       0x6c Core/Src/sysmem.o
                0x00000000080019fc                _sbrk
 .text.SystemInit
                0x0000000008001a68        0xc Core/Src/system_stm32f2xx.o
                0x0000000008001a68                SystemInit
 .text.__NVIC_GetPriorityGrouping
                0x0000000008001a74       0x1c Core/Src/tim.o
 .text.__NVIC_EnableIRQ
                0x0000000008001a90       0x38 Core/Src/tim.o
 .text.__NVIC_SetPriority
                0x0000000008001ac8       0x54 Core/Src/tim.o
 .text.NVIC_EncodePriority
                0x0000000008001b1c       0x64 Core/Src/tim.o
 .text.LL_DMA_SetDataTransferDirection
                0x0000000008001b80       0x44 Core/Src/tim.o
 .text.LL_DMA_SetMode
                0x0000000008001bc4       0x44 Core/Src/tim.o
 .text.LL_DMA_SetPeriphIncMode
                0x0000000008001c08       0x44 Core/Src/tim.o
 .text.LL_DMA_SetMemoryIncMode
                0x0000000008001c4c       0x44 Core/Src/tim.o
 .text.LL_DMA_SetPeriphSize
                0x0000000008001c90       0x44 Core/Src/tim.o
 .text.LL_DMA_SetMemorySize
                0x0000000008001cd4       0x44 Core/Src/tim.o
 .text.LL_DMA_SetStreamPriorityLevel
                0x0000000008001d18       0x44 Core/Src/tim.o
 .text.LL_DMA_SetChannelSelection
                0x0000000008001d5c       0x44 Core/Src/tim.o
 .text.LL_DMA_DisableFifoMode
                0x0000000008001da0       0x3c Core/Src/tim.o
 .text.LL_AHB1_GRP1_EnableClock
                0x0000000008001ddc       0x30 Core/Src/tim.o
 .text.LL_APB1_GRP1_EnableClock
                0x0000000008001e0c       0x30 Core/Src/tim.o
 .text.LL_TIM_EnableARRPreload
                0x0000000008001e3c       0x1e Core/Src/tim.o
 .text.LL_TIM_DisableARRPreload
                0x0000000008001e5a       0x1e Core/Src/tim.o
 .text.LL_TIM_OC_DisableFast
                0x0000000008001e78       0x88 Core/Src/tim.o
 .text.LL_TIM_OC_EnablePreload
                0x0000000008001f00       0x88 Core/Src/tim.o
 .text.LL_TIM_SetClockSource
                0x0000000008001f88       0x28 Core/Src/tim.o
 .text.LL_TIM_SetTriggerOutput
                0x0000000008001fb0       0x24 Core/Src/tim.o
 .text.LL_TIM_DisableMasterSlaveMode
                0x0000000008001fd4       0x1e Core/Src/tim.o
 *fill*         0x0000000008001ff2        0x2 
 .text.MX_TIM2_Init
                0x0000000008001ff4      0x170 Core/Src/tim.o
                0x0000000008001ff4                MX_TIM2_Init
 .text.MX_TIM3_Init
                0x0000000008002164       0x80 Core/Src/tim.o
                0x0000000008002164                MX_TIM3_Init
 .text.Reset_Handler
                0x00000000080021e4       0x50 Core/Startup/startup_stm32f205vgtx.o
                0x00000000080021e4                Reset_Handler
 .text.Default_Handler
                0x0000000008002234        0x2 Core/Startup/startup_stm32f205vgtx.o
                0x0000000008002234                RTC_Alarm_IRQHandler
                0x0000000008002234                HASH_RNG_IRQHandler
                0x0000000008002234                EXTI2_IRQHandler
                0x0000000008002234                TIM8_CC_IRQHandler
                0x0000000008002234                TIM1_CC_IRQHandler
                0x0000000008002234                DMA2_Stream5_IRQHandler
                0x0000000008002234                DMA1_Stream5_IRQHandler
                0x0000000008002234                PVD_IRQHandler
                0x0000000008002234                SDIO_IRQHandler
                0x0000000008002234                TAMP_STAMP_IRQHandler
                0x0000000008002234                CAN2_RX1_IRQHandler
                0x0000000008002234                EXTI3_IRQHandler
                0x0000000008002234                TIM8_TRG_COM_TIM14_IRQHandler
                0x0000000008002234                TIM1_UP_TIM10_IRQHandler
                0x0000000008002234                TIM8_UP_TIM13_IRQHandler
                0x0000000008002234                I2C3_ER_IRQHandler
                0x0000000008002234                EXTI0_IRQHandler
                0x0000000008002234                I2C2_EV_IRQHandler
                0x0000000008002234                DMA1_Stream2_IRQHandler
                0x0000000008002234                CAN1_RX0_IRQHandler
                0x0000000008002234                OTG_HS_WKUP_IRQHandler
                0x0000000008002234                CAN2_SCE_IRQHandler
                0x0000000008002234                DMA2_Stream2_IRQHandler
                0x0000000008002234                SPI1_IRQHandler
                0x0000000008002234                TIM6_DAC_IRQHandler
                0x0000000008002234                TIM1_BRK_TIM9_IRQHandler
                0x0000000008002234                CAN2_RX0_IRQHandler
                0x0000000008002234                DMA2_Stream3_IRQHandler
                0x0000000008002234                USART6_IRQHandler
                0x0000000008002234                USART3_IRQHandler
                0x0000000008002234                CAN1_RX1_IRQHandler
                0x0000000008002234                UART5_IRQHandler
                0x0000000008002234                DMA2_Stream0_IRQHandler
                0x0000000008002234                TIM4_IRQHandler
                0x0000000008002234                I2C1_EV_IRQHandler
                0x0000000008002234                DMA1_Stream1_IRQHandler
                0x0000000008002234                UART4_IRQHandler
                0x0000000008002234                RCC_IRQHandler
                0x0000000008002234                TIM8_BRK_TIM12_IRQHandler
                0x0000000008002234                Default_Handler
                0x0000000008002234                ADC_IRQHandler
                0x0000000008002234                DMA1_Stream7_IRQHandler
                0x0000000008002234                TIM7_IRQHandler
                0x0000000008002234                CAN2_TX_IRQHandler
                0x0000000008002234                TIM5_IRQHandler
                0x0000000008002234                DMA2_Stream7_IRQHandler
                0x0000000008002234                I2C3_EV_IRQHandler
                0x0000000008002234                EXTI9_5_IRQHandler
                0x0000000008002234                RTC_WKUP_IRQHandler
                0x0000000008002234                SPI2_IRQHandler
                0x0000000008002234                OTG_HS_EP1_IN_IRQHandler
                0x0000000008002234                DMA1_Stream0_IRQHandler
                0x0000000008002234                CAN1_TX_IRQHandler
                0x0000000008002234                FSMC_IRQHandler
                0x0000000008002234                OTG_HS_EP1_OUT_IRQHandler
                0x0000000008002234                WWDG_IRQHandler
                0x0000000008002234                OTG_FS_WKUP_IRQHandler
                0x0000000008002234                TIM1_TRG_COM_TIM11_IRQHandler
                0x0000000008002234                OTG_HS_IRQHandler
                0x0000000008002234                EXTI1_IRQHandler
                0x0000000008002234                USART2_IRQHandler
                0x0000000008002234                I2C2_ER_IRQHandler
                0x0000000008002234                DMA2_Stream1_IRQHandler
                0x0000000008002234                CAN1_SCE_IRQHandler
                0x0000000008002234                FLASH_IRQHandler
                0x0000000008002234                DMA2_Stream4_IRQHandler
                0x0000000008002234                USART1_IRQHandler
                0x0000000008002234                SPI3_IRQHandler
                0x0000000008002234                DMA1_Stream4_IRQHandler
                0x0000000008002234                I2C1_ER_IRQHandler
                0x0000000008002234                DMA2_Stream6_IRQHandler
                0x0000000008002234                DMA1_Stream3_IRQHandler
 *fill*         0x0000000008002236        0x2 
 .text.HAL_Init
                0x0000000008002238       0x44 Drivers/STM32F2xx_HAL_Driver/Src/stm32f2xx_hal.o
                0x0000000008002238                HAL_Init
 .text.HAL_InitTick
                0x000000000800227c       0x60 Drivers/STM32F2xx_HAL_Driver/Src/stm32f2xx_hal.o
                0x000000000800227c                HAL_InitTick
 .text.HAL_IncTick
                0x00000000080022dc       0x24 Drivers/STM32F2xx_HAL_Driver/Src/stm32f2xx_hal.o
                0x00000000080022dc                HAL_IncTick
 .text.HAL_GetTick
                0x0000000008002300       0x14 Drivers/STM32F2xx_HAL_Driver/Src/stm32f2xx_hal.o
                0x0000000008002300                HAL_GetTick
 .text.HAL_Delay
                0x0000000008002314       0x44 Drivers/STM32F2xx_HAL_Driver/Src/stm32f2xx_hal.o
                0x0000000008002314                HAL_Delay
 .text.HAL_CAN_Init
                0x0000000008002358      0x438 Drivers/STM32F2xx_HAL_Driver/Src/stm32f2xx_hal_can.o
                0x0000000008002358                HAL_CAN_Init
 .text.__NVIC_SetPriorityGrouping
                0x0000000008002790       0x48 Drivers/STM32F2xx_HAL_Driver/Src/stm32f2xx_hal_cortex.o
 .text.__NVIC_GetPriorityGrouping
                0x00000000080027d8       0x1c Drivers/STM32F2xx_HAL_Driver/Src/stm32f2xx_hal_cortex.o
 .text.__NVIC_EnableIRQ
                0x00000000080027f4       0x38 Drivers/STM32F2xx_HAL_Driver/Src/stm32f2xx_hal_cortex.o
 .text.__NVIC_SetPriority
                0x000000000800282c       0x54 Drivers/STM32F2xx_HAL_Driver/Src/stm32f2xx_hal_cortex.o
 .text.NVIC_EncodePriority
                0x0000000008002880       0x64 Drivers/STM32F2xx_HAL_Driver/Src/stm32f2xx_hal_cortex.o
 .text.SysTick_Config
                0x00000000080028e4       0x44 Drivers/STM32F2xx_HAL_Driver/Src/stm32f2xx_hal_cortex.o
 .text.HAL_NVIC_SetPriorityGrouping
                0x0000000008002928       0x40 Drivers/STM32F2xx_HAL_Driver/Src/stm32f2xx_hal_cortex.o
                0x0000000008002928                HAL_NVIC_SetPriorityGrouping
 .text.HAL_NVIC_SetPriority
                0x0000000008002968       0x58 Drivers/STM32F2xx_HAL_Driver/Src/stm32f2xx_hal_cortex.o
                0x0000000008002968                HAL_NVIC_SetPriority
 .text.HAL_NVIC_EnableIRQ
                0x00000000080029c0       0x30 Drivers/STM32F2xx_HAL_Driver/Src/stm32f2xx_hal_cortex.o
                0x00000000080029c0                HAL_NVIC_EnableIRQ
 .text.HAL_SYSTICK_Config
                0x00000000080029f0       0x18 Drivers/STM32F2xx_HAL_Driver/Src/stm32f2xx_hal_cortex.o
                0x00000000080029f0                HAL_SYSTICK_Config
 .text.HAL_GPIO_Init
                0x0000000008002a08      0x644 Drivers/STM32F2xx_HAL_Driver/Src/stm32f2xx_hal_gpio.o
                0x0000000008002a08                HAL_GPIO_Init
 .text.HAL_GPIO_WritePin
                0x000000000800304c       0x64 Drivers/STM32F2xx_HAL_Driver/Src/stm32f2xx_hal_gpio.o
                0x000000000800304c                HAL_GPIO_WritePin
 .text.HAL_GPIO_EXTI_IRQHandler
                0x00000000080030b0       0x30 Drivers/STM32F2xx_HAL_Driver/Src/stm32f2xx_hal_gpio.o
                0x00000000080030b0                HAL_GPIO_EXTI_IRQHandler
 .text.HAL_GPIO_EXTI_Callback
                0x00000000080030e0       0x14 Drivers/STM32F2xx_HAL_Driver/Src/stm32f2xx_hal_gpio.o
                0x00000000080030e0                HAL_GPIO_EXTI_Callback
 .text.HAL_PCD_Init
                0x00000000080030f4      0x260 Drivers/STM32F2xx_HAL_Driver/Src/stm32f2xx_hal_pcd.o
                0x00000000080030f4                HAL_PCD_Init
 .text.HAL_PCD_Start
                0x0000000008003354       0x44 Drivers/STM32F2xx_HAL_Driver/Src/stm32f2xx_hal_pcd.o
                0x0000000008003354                HAL_PCD_Start
 .text.HAL_PCD_IRQHandler
                0x0000000008003398      0x748 Drivers/STM32F2xx_HAL_Driver/Src/stm32f2xx_hal_pcd.o
                0x0000000008003398                HAL_PCD_IRQHandler
 .text.HAL_PCD_SetAddress
                0x0000000008003ae0       0x4a Drivers/STM32F2xx_HAL_Driver/Src/stm32f2xx_hal_pcd.o
                0x0000000008003ae0                HAL_PCD_SetAddress
 .text.HAL_PCD_EP_Open
                0x0000000008003b2a       0xd0 Drivers/STM32F2xx_HAL_Driver/Src/stm32f2xx_hal_pcd.o
                0x0000000008003b2a                HAL_PCD_EP_Open
 .text.HAL_PCD_EP_Close
                0x0000000008003bfa       0x94 Drivers/STM32F2xx_HAL_Driver/Src/stm32f2xx_hal_pcd.o
                0x0000000008003bfa                HAL_PCD_EP_Close
 .text.HAL_PCD_EP_Receive
                0x0000000008003c8e       0x96 Drivers/STM32F2xx_HAL_Driver/Src/stm32f2xx_hal_pcd.o
                0x0000000008003c8e                HAL_PCD_EP_Receive
 .text.HAL_PCD_EP_GetRxCount
                0x0000000008003d24       0x2e Drivers/STM32F2xx_HAL_Driver/Src/stm32f2xx_hal_pcd.o
                0x0000000008003d24                HAL_PCD_EP_GetRxCount
 .text.HAL_PCD_EP_Transmit
                0x0000000008003d52       0x94 Drivers/STM32F2xx_HAL_Driver/Src/stm32f2xx_hal_pcd.o
                0x0000000008003d52                HAL_PCD_EP_Transmit
 .text.HAL_PCD_EP_SetStall
                0x0000000008003de6       0xc8 Drivers/STM32F2xx_HAL_Driver/Src/stm32f2xx_hal_pcd.o
                0x0000000008003de6                HAL_PCD_EP_SetStall
 .text.HAL_PCD_EP_ClrStall
                0x0000000008003eae       0xac Drivers/STM32F2xx_HAL_Driver/Src/stm32f2xx_hal_pcd.o
                0x0000000008003eae                HAL_PCD_EP_ClrStall
 .text.PCD_WriteEmptyTxFifo
                0x0000000008003f5a      0x11a Drivers/STM32F2xx_HAL_Driver/Src/stm32f2xx_hal_pcd.o
 .text.PCD_EP_OutXfrComplete_int
                0x0000000008004074      0x218 Drivers/STM32F2xx_HAL_Driver/Src/stm32f2xx_hal_pcd.o
 .text.PCD_EP_OutSetupPacket_int
                0x000000000800428c       0x8c Drivers/STM32F2xx_HAL_Driver/Src/stm32f2xx_hal_pcd.o
 .text.HAL_PCDEx_SetTxFiFo
                0x0000000008004318       0x8c Drivers/STM32F2xx_HAL_Driver/Src/stm32f2xx_hal_pcd_ex.o
                0x0000000008004318                HAL_PCDEx_SetTxFiFo
 .text.HAL_PCDEx_SetRxFiFo
                0x00000000080043a4       0x20 Drivers/STM32F2xx_HAL_Driver/Src/stm32f2xx_hal_pcd_ex.o
                0x00000000080043a4                HAL_PCDEx_SetRxFiFo
 .text.HAL_RCC_GetHCLKFreq
                0x00000000080043c4       0x14 Drivers/STM32F2xx_HAL_Driver/Src/stm32f2xx_hal_rcc.o
                0x00000000080043c4                HAL_RCC_GetHCLKFreq
 .text.HAL_SPI_Init
                0x00000000080043d8      0x31c Drivers/STM32F2xx_HAL_Driver/Src/stm32f2xx_hal_spi.o
                0x00000000080043d8                HAL_SPI_Init
 .text.LL_GPIO_SetPinMode
                0x00000000080046f4       0x5c Drivers/STM32F2xx_HAL_Driver/Src/stm32f2xx_ll_gpio.o
 .text.LL_GPIO_SetPinOutputType
                0x0000000008004750       0x2e Drivers/STM32F2xx_HAL_Driver/Src/stm32f2xx_ll_gpio.o
 .text.LL_GPIO_SetPinSpeed
                0x000000000800477e       0x5c Drivers/STM32F2xx_HAL_Driver/Src/stm32f2xx_ll_gpio.o
 .text.LL_GPIO_SetPinPull
                0x00000000080047da       0x5c Drivers/STM32F2xx_HAL_Driver/Src/stm32f2xx_ll_gpio.o
 .text.LL_GPIO_SetAFPin_0_7
                0x0000000008004836       0x5c Drivers/STM32F2xx_HAL_Driver/Src/stm32f2xx_ll_gpio.o
 .text.LL_GPIO_SetAFPin_8_15
                0x0000000008004892       0x60 Drivers/STM32F2xx_HAL_Driver/Src/stm32f2xx_ll_gpio.o
 *fill*         0x00000000080048f2        0x2 
 .text.LL_GPIO_Init
                0x00000000080048f4      0x288 Drivers/STM32F2xx_HAL_Driver/Src/stm32f2xx_ll_gpio.o
                0x00000000080048f4                LL_GPIO_Init
 .text.LL_TIM_SetPrescaler
                0x0000000008004b7c       0x1a Drivers/STM32F2xx_HAL_Driver/Src/stm32f2xx_ll_tim.o
 .text.LL_TIM_SetAutoReload
                0x0000000008004b96       0x1a Drivers/STM32F2xx_HAL_Driver/Src/stm32f2xx_ll_tim.o
 .text.LL_TIM_SetRepetitionCounter
                0x0000000008004bb0       0x1a Drivers/STM32F2xx_HAL_Driver/Src/stm32f2xx_ll_tim.o
 .text.LL_TIM_OC_SetCompareCH1
                0x0000000008004bca       0x1a Drivers/STM32F2xx_HAL_Driver/Src/stm32f2xx_ll_tim.o
 .text.LL_TIM_OC_SetCompareCH2
                0x0000000008004be4       0x1a Drivers/STM32F2xx_HAL_Driver/Src/stm32f2xx_ll_tim.o
 .text.LL_TIM_OC_SetCompareCH3
                0x0000000008004bfe       0x1a Drivers/STM32F2xx_HAL_Driver/Src/stm32f2xx_ll_tim.o
 .text.LL_TIM_OC_SetCompareCH4
                0x0000000008004c18       0x1a Drivers/STM32F2xx_HAL_Driver/Src/stm32f2xx_ll_tim.o
 .text.LL_TIM_GenerateEvent_UPDATE
                0x0000000008004c32       0x1e Drivers/STM32F2xx_HAL_Driver/Src/stm32f2xx_ll_tim.o
 .text.LL_TIM_Init
                0x0000000008004c50      0x210 Drivers/STM32F2xx_HAL_Driver/Src/stm32f2xx_ll_tim.o
                0x0000000008004c50                LL_TIM_Init
 .text.LL_TIM_OC_Init
                0x0000000008004e60       0x70 Drivers/STM32F2xx_HAL_Driver/Src/stm32f2xx_ll_tim.o
                0x0000000008004e60                LL_TIM_OC_Init
 .text.OC1Config
                0x0000000008004ed0      0x254 Drivers/STM32F2xx_HAL_Driver/Src/stm32f2xx_ll_tim.o
 .text.OC2Config
                0x0000000008005124      0x22c Drivers/STM32F2xx_HAL_Driver/Src/stm32f2xx_ll_tim.o
 .text.OC3Config
                0x0000000008005350      0x214 Drivers/STM32F2xx_HAL_Driver/Src/stm32f2xx_ll_tim.o
 .text.OC4Config
                0x0000000008005564      0x1e4 Drivers/STM32F2xx_HAL_Driver/Src/stm32f2xx_ll_tim.o
 .text.USB_CoreInit
                0x0000000008005748       0xae Drivers/STM32F2xx_HAL_Driver/Src/stm32f2xx_ll_usb.o
                0x0000000008005748                USB_CoreInit
 *fill*         0x00000000080057f6        0x2 
 .text.USB_SetTurnaroundTime
                0x00000000080057f8      0x144 Drivers/STM32F2xx_HAL_Driver/Src/stm32f2xx_ll_usb.o
                0x00000000080057f8                USB_SetTurnaroundTime
 .text.USB_EnableGlobalInt
                0x000000000800593c       0x20 Drivers/STM32F2xx_HAL_Driver/Src/stm32f2xx_ll_usb.o
                0x000000000800593c                USB_EnableGlobalInt
 .text.USB_DisableGlobalInt
                0x000000000800595c       0x20 Drivers/STM32F2xx_HAL_Driver/Src/stm32f2xx_ll_usb.o
                0x000000000800595c                USB_DisableGlobalInt
 .text.USB_SetCurrentMode
                0x000000000800597c       0x54 Drivers/STM32F2xx_HAL_Driver/Src/stm32f2xx_ll_usb.o
                0x000000000800597c                USB_SetCurrentMode
 .text.USB_DevInit
                0x00000000080059d0      0x2c8 Drivers/STM32F2xx_HAL_Driver/Src/stm32f2xx_ll_usb.o
                0x00000000080059d0                USB_DevInit
 .text.USB_FlushTxFifo
                0x0000000008005c98       0x48 Drivers/STM32F2xx_HAL_Driver/Src/stm32f2xx_ll_usb.o
                0x0000000008005c98                USB_FlushTxFifo
 .text.USB_FlushRxFifo
                0x0000000008005ce0       0x40 Drivers/STM32F2xx_HAL_Driver/Src/stm32f2xx_ll_usb.o
                0x0000000008005ce0                USB_FlushRxFifo
 .text.USB_SetDevSpeed
                0x0000000008005d20       0x30 Drivers/STM32F2xx_HAL_Driver/Src/stm32f2xx_ll_usb.o
                0x0000000008005d20                USB_SetDevSpeed
 .text.USB_GetDevSpeed
                0x0000000008005d50       0x48 Drivers/STM32F2xx_HAL_Driver/Src/stm32f2xx_ll_usb.o
                0x0000000008005d50                USB_GetDevSpeed
 .text.USB_ActivateEndpoint
                0x0000000008005d98      0x10c Drivers/STM32F2xx_HAL_Driver/Src/stm32f2xx_ll_usb.o
                0x0000000008005d98                USB_ActivateEndpoint
 .text.USB_DeactivateEndpoint
                0x0000000008005ea4      0x1b8 Drivers/STM32F2xx_HAL_Driver/Src/stm32f2xx_ll_usb.o
                0x0000000008005ea4                USB_DeactivateEndpoint
 .text.USB_EPStartXfer
                0x000000000800605c      0x488 Drivers/STM32F2xx_HAL_Driver/Src/stm32f2xx_ll_usb.o
                0x000000000800605c                USB_EPStartXfer
 .text.USB_EP0StartXfer
                0x00000000080064e4      0x2a4 Drivers/STM32F2xx_HAL_Driver/Src/stm32f2xx_ll_usb.o
                0x00000000080064e4                USB_EP0StartXfer
 .text.USB_WritePacket
                0x0000000008006788       0x68 Drivers/STM32F2xx_HAL_Driver/Src/stm32f2xx_ll_usb.o
                0x0000000008006788                USB_WritePacket
 .text.USB_ReadPacket
                0x00000000080067f0       0x50 Drivers/STM32F2xx_HAL_Driver/Src/stm32f2xx_ll_usb.o
                0x00000000080067f0                USB_ReadPacket
 .text.USB_EPSetStall
                0x0000000008006840       0xda Drivers/STM32F2xx_HAL_Driver/Src/stm32f2xx_ll_usb.o
                0x0000000008006840                USB_EPSetStall
 .text.USB_EPClearStall
                0x000000000800691a       0xca Drivers/STM32F2xx_HAL_Driver/Src/stm32f2xx_ll_usb.o
                0x000000000800691a                USB_EPClearStall
 .text.USB_SetDevAddress
                0x00000000080069e4       0x4a Drivers/STM32F2xx_HAL_Driver/Src/stm32f2xx_ll_usb.o
                0x00000000080069e4                USB_SetDevAddress
 .text.USB_DevConnect
                0x0000000008006a2e       0x40 Drivers/STM32F2xx_HAL_Driver/Src/stm32f2xx_ll_usb.o
                0x0000000008006a2e                USB_DevConnect
 .text.USB_DevDisconnect
                0x0000000008006a6e       0x40 Drivers/STM32F2xx_HAL_Driver/Src/stm32f2xx_ll_usb.o
                0x0000000008006a6e                USB_DevDisconnect
 .text.USB_ReadInterrupts
                0x0000000008006aae       0x24 Drivers/STM32F2xx_HAL_Driver/Src/stm32f2xx_ll_usb.o
                0x0000000008006aae                USB_ReadInterrupts
 .text.USB_ReadDevAllOutEpInterrupt
                0x0000000008006ad2       0x32 Drivers/STM32F2xx_HAL_Driver/Src/stm32f2xx_ll_usb.o
                0x0000000008006ad2                USB_ReadDevAllOutEpInterrupt
 .text.USB_ReadDevAllInEpInterrupt
                0x0000000008006b04       0x32 Drivers/STM32F2xx_HAL_Driver/Src/stm32f2xx_ll_usb.o
                0x0000000008006b04                USB_ReadDevAllInEpInterrupt
 .text.USB_ReadDevOutEPInterrupt
                0x0000000008006b36       0x3a Drivers/STM32F2xx_HAL_Driver/Src/stm32f2xx_ll_usb.o
                0x0000000008006b36                USB_ReadDevOutEPInterrupt
 .text.USB_ReadDevInEPInterrupt
                0x0000000008006b70       0x5a Drivers/STM32F2xx_HAL_Driver/Src/stm32f2xx_ll_usb.o
                0x0000000008006b70                USB_ReadDevInEPInterrupt
 .text.USB_GetMode
                0x0000000008006bca       0x1a Drivers/STM32F2xx_HAL_Driver/Src/stm32f2xx_ll_usb.o
                0x0000000008006bca                USB_GetMode
 .text.USB_ActivateSetup
                0x0000000008006be4       0x44 Drivers/STM32F2xx_HAL_Driver/Src/stm32f2xx_ll_usb.o
                0x0000000008006be4                USB_ActivateSetup
 .text.USB_EP0_OutStart
                0x0000000008006c28       0xb8 Drivers/STM32F2xx_HAL_Driver/Src/stm32f2xx_ll_usb.o
                0x0000000008006c28                USB_EP0_OutStart
 .text.USB_CoreReset
                0x0000000008006ce0       0x64 Drivers/STM32F2xx_HAL_Driver/Src/stm32f2xx_ll_usb.o
 .text.LL_SetSystemCoreClock
                0x0000000008006d44       0x1c Drivers/STM32F2xx_HAL_Driver/Src/stm32f2xx_ll_utils.o
                0x0000000008006d44                LL_SetSystemCoreClock
 .text.USBD_CDC_Init
                0x0000000008006d60       0xf6 Middlewares/ST/STM32_USB_Device_Library/Class/CDC/Src/usbd_cdc.o
 .text.USBD_CDC_DeInit
                0x0000000008006e56       0x6e Middlewares/ST/STM32_USB_Device_Library/Class/CDC/Src/usbd_cdc.o
 .text.USBD_CDC_Setup
                0x0000000008006ec4      0x140 Middlewares/ST/STM32_USB_Device_Library/Class/CDC/Src/usbd_cdc.o
 .text.USBD_CDC_DataIn
                0x0000000008007004       0xa6 Middlewares/ST/STM32_USB_Device_Library/Class/CDC/Src/usbd_cdc.o
 .text.USBD_CDC_DataOut
                0x00000000080070aa       0x56 Middlewares/ST/STM32_USB_Device_Library/Class/CDC/Src/usbd_cdc.o
 .text.USBD_CDC_EP0_RxReady
                0x0000000008007100       0x50 Middlewares/ST/STM32_USB_Device_Library/Class/CDC/Src/usbd_cdc.o
 .text.USBD_CDC_GetFSCfgDesc
                0x0000000008007150       0x20 Middlewares/ST/STM32_USB_Device_Library/Class/CDC/Src/usbd_cdc.o
 .text.USBD_CDC_GetHSCfgDesc
                0x0000000008007170       0x20 Middlewares/ST/STM32_USB_Device_Library/Class/CDC/Src/usbd_cdc.o
 .text.USBD_CDC_GetOtherSpeedCfgDesc
                0x0000000008007190       0x20 Middlewares/ST/STM32_USB_Device_Library/Class/CDC/Src/usbd_cdc.o
 .text.USBD_CDC_GetDeviceQualifierDescriptor
                0x00000000080071b0       0x20 Middlewares/ST/STM32_USB_Device_Library/Class/CDC/Src/usbd_cdc.o
                0x00000000080071b0                USBD_CDC_GetDeviceQualifierDescriptor
 .text.USBD_CDC_RegisterInterface
                0x00000000080071d0       0x2c Middlewares/ST/STM32_USB_Device_Library/Class/CDC/Src/usbd_cdc.o
                0x00000000080071d0                USBD_CDC_RegisterInterface
 .text.USBD_CDC_SetTxBuffer
                0x00000000080071fc       0x32 Middlewares/ST/STM32_USB_Device_Library/Class/CDC/Src/usbd_cdc.o
                0x00000000080071fc                USBD_CDC_SetTxBuffer
 .text.USBD_CDC_SetRxBuffer
                0x000000000800722e       0x26 Middlewares/ST/STM32_USB_Device_Library/Class/CDC/Src/usbd_cdc.o
                0x000000000800722e                USBD_CDC_SetRxBuffer
 .text.USBD_CDC_ReceivePacket
                0x0000000008007254       0x54 Middlewares/ST/STM32_USB_Device_Library/Class/CDC/Src/usbd_cdc.o
                0x0000000008007254                USBD_CDC_ReceivePacket
 .text.USBD_Init
                0x00000000080072a8       0x56 Middlewares/ST/STM32_USB_Device_Library/Core/Src/usbd_core.o
                0x00000000080072a8                USBD_Init
 .text.USBD_RegisterClass
                0x00000000080072fe       0x32 Middlewares/ST/STM32_USB_Device_Library/Core/Src/usbd_core.o
                0x00000000080072fe                USBD_RegisterClass
 .text.USBD_Start
                0x0000000008007330       0x18 Middlewares/ST/STM32_USB_Device_Library/Core/Src/usbd_core.o
                0x0000000008007330                USBD_Start
 .text.USBD_RunTestMode
                0x0000000008007348       0x14 Middlewares/ST/STM32_USB_Device_Library/Core/Src/usbd_core.o
                0x0000000008007348                USBD_RunTestMode
 .text.USBD_SetClassConfig
                0x000000000800735c       0x3e Middlewares/ST/STM32_USB_Device_Library/Core/Src/usbd_core.o
                0x000000000800735c                USBD_SetClassConfig
 .text.USBD_ClrClassConfig
                0x000000000800739a       0x26 Middlewares/ST/STM32_USB_Device_Library/Core/Src/usbd_core.o
                0x000000000800739a                USBD_ClrClassConfig
 .text.USBD_LL_SetupStage
                0x00000000080073c0       0x96 Middlewares/ST/STM32_USB_Device_Library/Core/Src/usbd_core.o
                0x00000000080073c0                USBD_LL_SetupStage
 .text.USBD_LL_DataOutStage
                0x0000000008007456       0xe2 Middlewares/ST/STM32_USB_Device_Library/Core/Src/usbd_core.o
                0x0000000008007456                USBD_LL_DataOutStage
 .text.USBD_LL_DataInStage
                0x0000000008007538      0x14a Middlewares/ST/STM32_USB_Device_Library/Core/Src/usbd_core.o
                0x0000000008007538                USBD_LL_DataInStage
 .text.USBD_LL_Reset
                0x0000000008007682       0x82 Middlewares/ST/STM32_USB_Device_Library/Core/Src/usbd_core.o
                0x0000000008007682                USBD_LL_Reset
 .text.USBD_LL_SetSpeed
                0x0000000008007704       0x1e Middlewares/ST/STM32_USB_Device_Library/Core/Src/usbd_core.o
                0x0000000008007704                USBD_LL_SetSpeed
 .text.USBD_LL_Suspend
                0x0000000008007722       0x28 Middlewares/ST/STM32_USB_Device_Library/Core/Src/usbd_core.o
                0x0000000008007722                USBD_LL_Suspend
 .text.USBD_LL_Resume
                0x000000000800774a       0x2a Middlewares/ST/STM32_USB_Device_Library/Core/Src/usbd_core.o
                0x000000000800774a                USBD_LL_Resume
 .text.USBD_LL_SOF
                0x0000000008007774       0x34 Middlewares/ST/STM32_USB_Device_Library/Core/Src/usbd_core.o
                0x0000000008007774                USBD_LL_SOF
 .text.USBD_LL_IsoINIncomplete
                0x00000000080077a8       0x18 Middlewares/ST/STM32_USB_Device_Library/Core/Src/usbd_core.o
                0x00000000080077a8                USBD_LL_IsoINIncomplete
 .text.USBD_LL_IsoOUTIncomplete
                0x00000000080077c0       0x18 Middlewares/ST/STM32_USB_Device_Library/Core/Src/usbd_core.o
                0x00000000080077c0                USBD_LL_IsoOUTIncomplete
 .text.USBD_LL_DevConnected
                0x00000000080077d8       0x14 Middlewares/ST/STM32_USB_Device_Library/Core/Src/usbd_core.o
                0x00000000080077d8                USBD_LL_DevConnected
 .text.USBD_LL_DevDisconnected
                0x00000000080077ec       0x2e Middlewares/ST/STM32_USB_Device_Library/Core/Src/usbd_core.o
                0x00000000080077ec                USBD_LL_DevDisconnected
 *fill*         0x000000000800781a        0x2 
 .text.USBD_StdDevReq
                0x000000000800781c       0xd4 Middlewares/ST/STM32_USB_Device_Library/Core/Src/usbd_ctlreq.o
                0x000000000800781c                USBD_StdDevReq
 .text.USBD_StdItfReq
                0x00000000080078f0       0x8c Middlewares/ST/STM32_USB_Device_Library/Core/Src/usbd_ctlreq.o
                0x00000000080078f0                USBD_StdItfReq
 .text.USBD_StdEPReq
                0x000000000800797c      0x2ba Middlewares/ST/STM32_USB_Device_Library/Core/Src/usbd_ctlreq.o
                0x000000000800797c                USBD_StdEPReq
 *fill*         0x0000000008007c36        0x2 
 .text.USBD_GetDescriptor
                0x0000000008007c38      0x2d0 Middlewares/ST/STM32_USB_Device_Library/Core/Src/usbd_ctlreq.o
 .text.USBD_SetAddress
                0x0000000008007f08       0x84 Middlewares/ST/STM32_USB_Device_Library/Core/Src/usbd_ctlreq.o
 .text.USBD_SetConfig
                0x0000000008007f8c      0x11c Middlewares/ST/STM32_USB_Device_Library/Core/Src/usbd_ctlreq.o
 .text.USBD_GetConfig
                0x00000000080080a8       0x68 Middlewares/ST/STM32_USB_Device_Library/Core/Src/usbd_ctlreq.o
 .text.USBD_GetStatus
                0x0000000008008110       0x66 Middlewares/ST/STM32_USB_Device_Library/Core/Src/usbd_ctlreq.o
 .text.USBD_SetFeature
                0x0000000008008176       0x28 Middlewares/ST/STM32_USB_Device_Library/Core/Src/usbd_ctlreq.o
 .text.USBD_ClrFeature
                0x000000000800819e       0x42 Middlewares/ST/STM32_USB_Device_Library/Core/Src/usbd_ctlreq.o
 .text.USBD_ParseSetupRequest
                0x00000000080081e0       0x78 Middlewares/ST/STM32_USB_Device_Library/Core/Src/usbd_ctlreq.o
                0x00000000080081e0                USBD_ParseSetupRequest
 .text.USBD_CtlError
                0x0000000008008258       0x22 Middlewares/ST/STM32_USB_Device_Library/Core/Src/usbd_ctlreq.o
                0x0000000008008258                USBD_CtlError
 .text.USBD_GetString
                0x000000000800827a       0x84 Middlewares/ST/STM32_USB_Device_Library/Core/Src/usbd_ctlreq.o
                0x000000000800827a                USBD_GetString
 .text.USBD_GetLen
                0x00000000080082fe       0x2e Middlewares/ST/STM32_USB_Device_Library/Core/Src/usbd_ctlreq.o
 .text.USBD_CtlSendData
                0x000000000800832c       0x38 Middlewares/ST/STM32_USB_Device_Library/Core/Src/usbd_ioreq.o
                0x000000000800832c                USBD_CtlSendData
 .text.USBD_CtlContinueSendData
                0x0000000008008364       0x24 Middlewares/ST/STM32_USB_Device_Library/Core/Src/usbd_ioreq.o
                0x0000000008008364                USBD_CtlContinueSendData
 .text.USBD_CtlPrepareRx
                0x0000000008008388       0x3c Middlewares/ST/STM32_USB_Device_Library/Core/Src/usbd_ioreq.o
                0x0000000008008388                USBD_CtlPrepareRx
 .text.USBD_CtlContinueRx
                0x00000000080083c4       0x24 Middlewares/ST/STM32_USB_Device_Library/Core/Src/usbd_ioreq.o
                0x00000000080083c4                USBD_CtlContinueRx
 .text.USBD_CtlSendStatus
                0x00000000080083e8       0x26 Middlewares/ST/STM32_USB_Device_Library/Core/Src/usbd_ioreq.o
                0x00000000080083e8                USBD_CtlSendStatus
 .text.USBD_CtlReceiveStatus
                0x000000000800840e       0x26 Middlewares/ST/STM32_USB_Device_Library/Core/Src/usbd_ioreq.o
                0x000000000800840e                USBD_CtlReceiveStatus
 .text.MX_USB_DEVICE_Init
                0x0000000008008434       0x60 USB_DEVICE/App/usb_device.o
                0x0000000008008434                MX_USB_DEVICE_Init
 .text.CDC_Init_FS
                0x0000000008008494       0x28 USB_DEVICE/App/usbd_cdc_if.o
 .text.CDC_DeInit_FS
                0x00000000080084bc        0xe USB_DEVICE/App/usbd_cdc_if.o
 *fill*         0x00000000080084ca        0x2 
 .text.CDC_Control_FS
                0x00000000080084cc       0xbc USB_DEVICE/App/usbd_cdc_if.o
 .text.CDC_Receive_FS
                0x0000000008008588       0x28 USB_DEVICE/App/usbd_cdc_if.o
 .text.USBD_FS_DeviceDescriptor
                0x00000000080085b0       0x24 USB_DEVICE/App/usbd_desc.o
                0x00000000080085b0                USBD_FS_DeviceDescriptor
 .text.USBD_FS_LangIDStrDescriptor
                0x00000000080085d4       0x24 USB_DEVICE/App/usbd_desc.o
                0x00000000080085d4                USBD_FS_LangIDStrDescriptor
 .text.USBD_FS_ProductStrDescriptor
                0x00000000080085f8       0x3c USB_DEVICE/App/usbd_desc.o
                0x00000000080085f8                USBD_FS_ProductStrDescriptor
 .text.USBD_FS_ManufacturerStrDescriptor
                0x0000000008008634       0x28 USB_DEVICE/App/usbd_desc.o
                0x0000000008008634                USBD_FS_ManufacturerStrDescriptor
 .text.USBD_FS_SerialStrDescriptor
                0x000000000800865c       0x24 USB_DEVICE/App/usbd_desc.o
                0x000000000800865c                USBD_FS_SerialStrDescriptor
 .text.USBD_FS_ConfigStrDescriptor
                0x0000000008008680       0x3c USB_DEVICE/App/usbd_desc.o
                0x0000000008008680                USBD_FS_ConfigStrDescriptor
 .text.USBD_FS_InterfaceStrDescriptor
                0x00000000080086bc       0x3c USB_DEVICE/App/usbd_desc.o
                0x00000000080086bc                USBD_FS_InterfaceStrDescriptor
 .text.Get_SerialNum
                0x00000000080086f8       0x58 USB_DEVICE/App/usbd_desc.o
 .text.IntToUnicode
                0x0000000008008750       0x7a USB_DEVICE/App/usbd_desc.o
 *fill*         0x00000000080087ca        0x2 
 .text.HAL_PCD_MspInit
                0x00000000080087cc       0xa8 USB_DEVICE/Target/usbd_conf.o
                0x00000000080087cc                HAL_PCD_MspInit
 .text.HAL_PCD_SetupStageCallback
                0x0000000008008874       0x24 USB_DEVICE/Target/usbd_conf.o
                0x0000000008008874                HAL_PCD_SetupStageCallback
 .text.HAL_PCD_DataOutStageCallback
                0x0000000008008898       0x36 USB_DEVICE/Target/usbd_conf.o
                0x0000000008008898                HAL_PCD_DataOutStageCallback
 .text.HAL_PCD_DataInStageCallback
                0x00000000080088ce       0x34 USB_DEVICE/Target/usbd_conf.o
                0x00000000080088ce                HAL_PCD_DataInStageCallback
 .text.HAL_PCD_SOFCallback
                0x0000000008008902       0x1c USB_DEVICE/Target/usbd_conf.o
                0x0000000008008902                HAL_PCD_SOFCallback
 .text.HAL_PCD_ResetCallback
                0x000000000800891e       0x50 USB_DEVICE/Target/usbd_conf.o
                0x000000000800891e                HAL_PCD_ResetCallback
 *fill*         0x000000000800896e        0x2 
 .text.HAL_PCD_SuspendCallback
                0x0000000008008970       0x4c USB_DEVICE/Target/usbd_conf.o
                0x0000000008008970                HAL_PCD_SuspendCallback
 .text.HAL_PCD_ResumeCallback
                0x00000000080089bc       0x1c USB_DEVICE/Target/usbd_conf.o
                0x00000000080089bc                HAL_PCD_ResumeCallback
 .text.HAL_PCD_ISOOUTIncompleteCallback
                0x00000000080089d8       0x24 USB_DEVICE/Target/usbd_conf.o
                0x00000000080089d8                HAL_PCD_ISOOUTIncompleteCallback
 .text.HAL_PCD_ISOINIncompleteCallback
                0x00000000080089fc       0x24 USB_DEVICE/Target/usbd_conf.o
                0x00000000080089fc                HAL_PCD_ISOINIncompleteCallback
 .text.HAL_PCD_ConnectCallback
                0x0000000008008a20       0x1c USB_DEVICE/Target/usbd_conf.o
                0x0000000008008a20                HAL_PCD_ConnectCallback
 .text.HAL_PCD_DisconnectCallback
                0x0000000008008a3c       0x1c USB_DEVICE/Target/usbd_conf.o
                0x0000000008008a3c                HAL_PCD_DisconnectCallback
 .text.USBD_LL_Init
                0x0000000008008a58       0x94 USB_DEVICE/Target/usbd_conf.o
                0x0000000008008a58                USBD_LL_Init
 .text.USBD_LL_Start
                0x0000000008008aec       0x36 USB_DEVICE/Target/usbd_conf.o
                0x0000000008008aec                USBD_LL_Start
 .text.USBD_LL_OpenEP
                0x0000000008008b22       0x4c USB_DEVICE/Target/usbd_conf.o
                0x0000000008008b22                USBD_LL_OpenEP
 .text.USBD_LL_CloseEP
                0x0000000008008b6e       0x3e USB_DEVICE/Target/usbd_conf.o
                0x0000000008008b6e                USBD_LL_CloseEP
 .text.USBD_LL_StallEP
                0x0000000008008bac       0x3e USB_DEVICE/Target/usbd_conf.o
                0x0000000008008bac                USBD_LL_StallEP
 .text.USBD_LL_ClearStallEP
                0x0000000008008bea       0x3e USB_DEVICE/Target/usbd_conf.o
                0x0000000008008bea                USBD_LL_ClearStallEP
 .text.USBD_LL_IsStallEP
                0x0000000008008c28       0x56 USB_DEVICE/Target/usbd_conf.o
                0x0000000008008c28                USBD_LL_IsStallEP
 .text.USBD_LL_SetUSBAddress
                0x0000000008008c7e       0x3e USB_DEVICE/Target/usbd_conf.o
                0x0000000008008c7e                USBD_LL_SetUSBAddress
 .text.USBD_LL_Transmit
                0x0000000008008cbc       0x46 USB_DEVICE/Target/usbd_conf.o
                0x0000000008008cbc                USBD_LL_Transmit
 .text.USBD_LL_PrepareReceive
                0x0000000008008d02       0x46 USB_DEVICE/Target/usbd_conf.o
                0x0000000008008d02                USBD_LL_PrepareReceive
 .text.USBD_LL_GetRxDataSize
                0x0000000008008d48       0x26 USB_DEVICE/Target/usbd_conf.o
                0x0000000008008d48                USBD_LL_GetRxDataSize
 *fill*         0x0000000008008d6e        0x2 
 .text.USBD_Get_USB_Status
                0x0000000008008d70       0x58 USB_DEVICE/Target/usbd_conf.o
                0x0000000008008d70                USBD_Get_USB_Status
 .text.__errno  0x0000000008008dc8        0xc c:/st/stm32cubeide_1.4.0/stm32cubeide/plugins/com.st.stm32cube.ide.mcu.externaltools.gnu-tools-for-stm32.7-2018-q2-update.win32_1.5.0.202011040924/tools/bin/../lib/gcc/arm-none-eabi/7.3.1/../../../../arm-none-eabi/lib/thumb/v7-m\libc_nano.a(lib_a-errno.o)
                0x0000000008008dc8                __errno
 .text.__libc_init_array
                0x0000000008008dd4       0x48 c:/st/stm32cubeide_1.4.0/stm32cubeide/plugins/com.st.stm32cube.ide.mcu.externaltools.gnu-tools-for-stm32.7-2018-q2-update.win32_1.5.0.202011040924/tools/bin/../lib/gcc/arm-none-eabi/7.3.1/../../../../arm-none-eabi/lib/thumb/v7-m\libc_nano.a(lib_a-init.o)
                0x0000000008008dd4                __libc_init_array
 .text.malloc   0x0000000008008e1c       0x10 c:/st/stm32cubeide_1.4.0/stm32cubeide/plugins/com.st.stm32cube.ide.mcu.externaltools.gnu-tools-for-stm32.7-2018-q2-update.win32_1.5.0.202011040924/tools/bin/../lib/gcc/arm-none-eabi/7.3.1/../../../../arm-none-eabi/lib/thumb/v7-m\libc_nano.a(lib_a-malloc.o)
                0x0000000008008e1c                malloc
 .text.free     0x0000000008008e2c       0x10 c:/st/stm32cubeide_1.4.0/stm32cubeide/plugins/com.st.stm32cube.ide.mcu.externaltools.gnu-tools-for-stm32.7-2018-q2-update.win32_1.5.0.202011040924/tools/bin/../lib/gcc/arm-none-eabi/7.3.1/../../../../arm-none-eabi/lib/thumb/v7-m\libc_nano.a(lib_a-malloc.o)
                0x0000000008008e2c                free
 .text.memset   0x0000000008008e3c       0x10 c:/st/stm32cubeide_1.4.0/stm32cubeide/plugins/com.st.stm32cube.ide.mcu.externaltools.gnu-tools-for-stm32.7-2018-q2-update.win32_1.5.0.202011040924/tools/bin/../lib/gcc/arm-none-eabi/7.3.1/../../../../arm-none-eabi/lib/thumb/v7-m\libc_nano.a(lib_a-memset.o)
                0x0000000008008e3c                memset
 .text._free_r  0x0000000008008e4c       0x98 c:/st/stm32cubeide_1.4.0/stm32cubeide/plugins/com.st.stm32cube.ide.mcu.externaltools.gnu-tools-for-stm32.7-2018-q2-update.win32_1.5.0.202011040924/tools/bin/../lib/gcc/arm-none-eabi/7.3.1/../../../../arm-none-eabi/lib/thumb/v7-m\libc_nano.a(lib_a-nano-freer.o)
                0x0000000008008e4c                _free_r
 .text._malloc_r
                0x0000000008008ee4       0xb4 c:/st/stm32cubeide_1.4.0/stm32cubeide/plugins/com.st.stm32cube.ide.mcu.externaltools.gnu-tools-for-stm32.7-2018-q2-update.win32_1.5.0.202011040924/tools/bin/../lib/gcc/arm-none-eabi/7.3.1/../../../../arm-none-eabi/lib/thumb/v7-m\libc_nano.a(lib_a-nano-mallocr.o)
                0x0000000008008ee4                _malloc_r
 .text._sbrk_r  0x0000000008008f98       0x20 c:/st/stm32cubeide_1.4.0/stm32cubeide/plugins/com.st.stm32cube.ide.mcu.externaltools.gnu-tools-for-stm32.7-2018-q2-update.win32_1.5.0.202011040924/tools/bin/../lib/gcc/arm-none-eabi/7.3.1/../../../../arm-none-eabi/lib/thumb/v7-m\libc_nano.a(lib_a-sbrkr.o)
                0x0000000008008f98                _sbrk_r
 .text.__malloc_lock
                0x0000000008008fb8        0x2 c:/st/stm32cubeide_1.4.0/stm32cubeide/plugins/com.st.stm32cube.ide.mcu.externaltools.gnu-tools-for-stm32.7-2018-q2-update.win32_1.5.0.202011040924/tools/bin/../lib/gcc/arm-none-eabi/7.3.1/../../../../arm-none-eabi/lib/thumb/v7-m\libc_nano.a(lib_a-mlock.o)
                0x0000000008008fb8                __malloc_lock
 .text.__malloc_unlock
                0x0000000008008fba        0x2 c:/st/stm32cubeide_1.4.0/stm32cubeide/plugins/com.st.stm32cube.ide.mcu.externaltools.gnu-tools-for-stm32.7-2018-q2-update.win32_1.5.0.202011040924/tools/bin/../lib/gcc/arm-none-eabi/7.3.1/../../../../arm-none-eabi/lib/thumb/v7-m\libc_nano.a(lib_a-mlock.o)
                0x0000000008008fba                __malloc_unlock
 *(.glue_7)
 .glue_7        0x0000000008008fbc        0x0 linker stubs
 *(.glue_7t)
 .glue_7t       0x0000000008008fbc        0x0 linker stubs
 *(.eh_frame)
 .eh_frame      0x0000000008008fbc        0x0 c:/st/stm32cubeide_1.4.0/stm32cubeide/plugins/com.st.stm32cube.ide.mcu.externaltools.gnu-tools-for-stm32.7-2018-q2-update.win32_1.5.0.202011040924/tools/bin/../lib/gcc/arm-none-eabi/7.3.1/thumb/v7-m/crtbegin.o
 *(.init)
 .init          0x0000000008008fbc        0x4 c:/st/stm32cubeide_1.4.0/stm32cubeide/plugins/com.st.stm32cube.ide.mcu.externaltools.gnu-tools-for-stm32.7-2018-q2-update.win32_1.5.0.202011040924/tools/bin/../lib/gcc/arm-none-eabi/7.3.1/thumb/v7-m/crti.o
                0x0000000008008fbc                _init
 .init          0x0000000008008fc0        0x8 c:/st/stm32cubeide_1.4.0/stm32cubeide/plugins/com.st.stm32cube.ide.mcu.externaltools.gnu-tools-for-stm32.7-2018-q2-update.win32_1.5.0.202011040924/tools/bin/../lib/gcc/arm-none-eabi/7.3.1/thumb/v7-m/crtn.o
 *(.fini)
 .fini          0x0000000008008fc8        0x4 c:/st/stm32cubeide_1.4.0/stm32cubeide/plugins/com.st.stm32cube.ide.mcu.externaltools.gnu-tools-for-stm32.7-2018-q2-update.win32_1.5.0.202011040924/tools/bin/../lib/gcc/arm-none-eabi/7.3.1/thumb/v7-m/crti.o
                0x0000000008008fc8                _fini
 .fini          0x0000000008008fcc        0x8 c:/st/stm32cubeide_1.4.0/stm32cubeide/plugins/com.st.stm32cube.ide.mcu.externaltools.gnu-tools-for-stm32.7-2018-q2-update.win32_1.5.0.202011040924/tools/bin/../lib/gcc/arm-none-eabi/7.3.1/thumb/v7-m/crtn.o
                0x0000000008008fd4                . = ALIGN (0x4)
                0x0000000008008fd4                _etext = .

.vfp11_veneer   0x0000000008008fd4        0x0
 .vfp11_veneer  0x0000000008008fd4        0x0 linker stubs

.v4_bx          0x0000000008008fd4        0x0
 .v4_bx         0x0000000008008fd4        0x0 linker stubs

.iplt           0x0000000008008fd4        0x0
 .iplt          0x0000000008008fd4        0x0 c:/st/stm32cubeide_1.4.0/stm32cubeide/plugins/com.st.stm32cube.ide.mcu.externaltools.gnu-tools-for-stm32.7-2018-q2-update.win32_1.5.0.202011040924/tools/bin/../lib/gcc/arm-none-eabi/7.3.1/thumb/v7-m/crtbegin.o

.rodata         0x0000000008008fd4      0x208
                0x0000000008008fd4                . = ALIGN (0x4)
 *(.rodata)
 .rodata        0x0000000008008fd4       0x38 Drivers/STM32F2xx_HAL_Driver/Src/stm32f2xx_hal_can.o
 .rodata        0x000000000800900c       0x3b Drivers/STM32F2xx_HAL_Driver/Src/stm32f2xx_hal_cortex.o
 *fill*         0x0000000008009047        0x1 
 .rodata        0x0000000008009048       0x39 Drivers/STM32F2xx_HAL_Driver/Src/stm32f2xx_hal_gpio.o
 *fill*         0x0000000008009081        0x3 
 .rodata        0x0000000008009084       0x38 Drivers/STM32F2xx_HAL_Driver/Src/stm32f2xx_hal_pcd.o
 .rodata        0x00000000080090bc       0x38 Drivers/STM32F2xx_HAL_Driver/Src/stm32f2xx_hal_spi.o
 .rodata        0x00000000080090f4       0x38 Drivers/STM32F2xx_HAL_Driver/Src/stm32f2xx_ll_gpio.o
 .rodata        0x000000000800912c       0x37 Drivers/STM32F2xx_HAL_Driver/Src/stm32f2xx_ll_tim.o
 *fill*         0x0000000008009163        0x1 
 .rodata        0x0000000008009164       0x46 USB_DEVICE/App/usbd_desc.o
 *(.rodata*)
 *fill*         0x00000000080091aa        0x2 
 .rodata.STREAM_OFFSET_TAB
                0x00000000080091ac        0x8 Core/Src/main.o
 .rodata.OFFSET_TAB_CCMRx
                0x00000000080091b4        0x7 Core/Src/main.o
 *fill*         0x00000000080091bb        0x1 
 .rodata.SHIFT_TAB_OCxx
                0x00000000080091bc        0x7 Core/Src/main.o
 *fill*         0x00000000080091c3        0x1 
 .rodata.STREAM_OFFSET_TAB
                0x00000000080091c4        0x8 Core/Src/tim.o
 .rodata.OFFSET_TAB_CCMRx
                0x00000000080091cc        0x7 Core/Src/tim.o
 *fill*         0x00000000080091d3        0x1 
 .rodata.SHIFT_TAB_OCxx
                0x00000000080091d4        0x7 Core/Src/tim.o
                0x00000000080091dc                . = ALIGN (0x4)
 *fill*         0x00000000080091db        0x1 

.rel.dyn        0x00000000080091dc        0x0
 .rel.iplt      0x00000000080091dc        0x0 c:/st/stm32cubeide_1.4.0/stm32cubeide/plugins/com.st.stm32cube.ide.mcu.externaltools.gnu-tools-for-stm32.7-2018-q2-update.win32_1.5.0.202011040924/tools/bin/../lib/gcc/arm-none-eabi/7.3.1/thumb/v7-m/crtbegin.o

.ARM.extab      0x00000000080091dc        0x0
                0x00000000080091dc                . = ALIGN (0x4)
 *(.ARM.extab* .gnu.linkonce.armextab.*)
                0x00000000080091dc                . = ALIGN (0x4)

.ARM            0x00000000080091dc        0x0
                0x00000000080091dc                . = ALIGN (0x4)
                0x00000000080091dc                __exidx_start = .
 *(.ARM.exidx*)
                0x00000000080091dc                __exidx_end = .
                0x00000000080091dc                . = ALIGN (0x4)

.preinit_array  0x00000000080091dc        0x0
                0x00000000080091dc                . = ALIGN (0x4)
                0x00000000080091dc                PROVIDE (__preinit_array_start = .)
 *(.preinit_array*)
                0x00000000080091dc                PROVIDE (__preinit_array_end = .)
                0x00000000080091dc                . = ALIGN (0x4)

.init_array     0x00000000080091dc        0x4
                0x00000000080091dc                . = ALIGN (0x4)
                0x00000000080091dc                PROVIDE (__init_array_start = .)
 *(SORT_BY_NAME(.init_array.*))
 *(.init_array*)
 .init_array    0x00000000080091dc        0x4 c:/st/stm32cubeide_1.4.0/stm32cubeide/plugins/com.st.stm32cube.ide.mcu.externaltools.gnu-tools-for-stm32.7-2018-q2-update.win32_1.5.0.202011040924/tools/bin/../lib/gcc/arm-none-eabi/7.3.1/thumb/v7-m/crtbegin.o
                0x00000000080091e0                PROVIDE (__init_array_end = .)
                0x00000000080091e0                . = ALIGN (0x4)

.fini_array     0x00000000080091e0        0x4
                0x00000000080091e0                . = ALIGN (0x4)
                [!provide]                        PROVIDE (__fini_array_start = .)
 *(SORT_BY_NAME(.fini_array.*))
 *(.fini_array*)
 .fini_array    0x00000000080091e0        0x4 c:/st/stm32cubeide_1.4.0/stm32cubeide/plugins/com.st.stm32cube.ide.mcu.externaltools.gnu-tools-for-stm32.7-2018-q2-update.win32_1.5.0.202011040924/tools/bin/../lib/gcc/arm-none-eabi/7.3.1/thumb/v7-m/crtbegin.o
                [!provide]                        PROVIDE (__fini_array_end = .)
                0x00000000080091e4                . = ALIGN (0x4)
                0x00000000080091e4                _sidata = LOADADDR (.data)

.data           0x0000000020000000      0x1e0 load address 0x00000000080091e4
                0x0000000020000000                . = ALIGN (0x4)
                0x0000000020000000                _sdata = .
 *(.data)
 *(.data*)
 .data.SystemCoreClock
                0x0000000020000000        0x4 Core/Src/system_stm32f2xx.o
                0x0000000020000000                SystemCoreClock
 .data.uwTickPrio
                0x0000000020000004        0x4 Drivers/STM32F2xx_HAL_Driver/Src/stm32f2xx_hal.o
                0x0000000020000004                uwTickPrio
 .data.uwTickFreq
                0x0000000020000008        0x1 Drivers/STM32F2xx_HAL_Driver/Src/stm32f2xx_hal.o
                0x0000000020000008                uwTickFreq
 *fill*         0x0000000020000009        0x3 
 .data.USBD_CDC_DeviceQualifierDesc
                0x000000002000000c        0xa Middlewares/ST/STM32_USB_Device_Library/Class/CDC/Src/usbd_cdc.o
 *fill*         0x0000000020000016        0x2 
 .data.USBD_CDC
                0x0000000020000018       0x38 Middlewares/ST/STM32_USB_Device_Library/Class/CDC/Src/usbd_cdc.o
                0x0000000020000018                USBD_CDC
 .data.USBD_CDC_CfgHSDesc
                0x0000000020000050       0x43 Middlewares/ST/STM32_USB_Device_Library/Class/CDC/Src/usbd_cdc.o
                0x0000000020000050                USBD_CDC_CfgHSDesc
 *fill*         0x0000000020000093        0x1 
 .data.USBD_CDC_CfgFSDesc
                0x0000000020000094       0x43 Middlewares/ST/STM32_USB_Device_Library/Class/CDC/Src/usbd_cdc.o
                0x0000000020000094                USBD_CDC_CfgFSDesc
 *fill*         0x00000000200000d7        0x1 
 .data.USBD_CDC_OtherSpeedCfgDesc
                0x00000000200000d8       0x43 Middlewares/ST/STM32_USB_Device_Library/Class/CDC/Src/usbd_cdc.o
                0x00000000200000d8                USBD_CDC_OtherSpeedCfgDesc
 *fill*         0x000000002000011b        0x1 
 .data.USBD_Interface_fops_FS
                0x000000002000011c       0x10 USB_DEVICE/App/usbd_cdc_if.o
                0x000000002000011c                USBD_Interface_fops_FS
 .data.FS_Desc  0x000000002000012c       0x1c USB_DEVICE/App/usbd_desc.o
                0x000000002000012c                FS_Desc
 .data.USBD_FS_DeviceDesc
                0x0000000020000148       0x12 USB_DEVICE/App/usbd_desc.o
                0x0000000020000148                USBD_FS_DeviceDesc
 *fill*         0x000000002000015a        0x2 
 .data.USBD_LangIDDesc
                0x000000002000015c        0x4 USB_DEVICE/App/usbd_desc.o
                0x000000002000015c                USBD_LangIDDesc
 .data.USBD_StringSerial
                0x0000000020000160       0x1a USB_DEVICE/App/usbd_desc.o
                0x0000000020000160                USBD_StringSerial
 *fill*         0x000000002000017a        0x2 
 .data._impure_ptr
                0x000000002000017c        0x4 c:/st/stm32cubeide_1.4.0/stm32cubeide/plugins/com.st.stm32cube.ide.mcu.externaltools.gnu-tools-for-stm32.7-2018-q2-update.win32_1.5.0.202011040924/tools/bin/../lib/gcc/arm-none-eabi/7.3.1/../../../../arm-none-eabi/lib/thumb/v7-m\libc_nano.a(lib_a-impure.o)
                0x000000002000017c                _impure_ptr
 .data.impure_data
                0x0000000020000180       0x60 c:/st/stm32cubeide_1.4.0/stm32cubeide/plugins/com.st.stm32cube.ide.mcu.externaltools.gnu-tools-for-stm32.7-2018-q2-update.win32_1.5.0.202011040924/tools/bin/../lib/gcc/arm-none-eabi/7.3.1/../../../../arm-none-eabi/lib/thumb/v7-m\libc_nano.a(lib_a-impure.o)
 *(.RamFunc)
 *(.RamFunc*)
                0x00000000200001e0                . = ALIGN (0x4)
                0x00000000200001e0                _edata = .

.igot.plt       0x00000000200001e0        0x0 load address 0x00000000080093c4
 .igot.plt      0x00000000200001e0        0x0 c:/st/stm32cubeide_1.4.0/stm32cubeide/plugins/com.st.stm32cube.ide.mcu.externaltools.gnu-tools-for-stm32.7-2018-q2-update.win32_1.5.0.202011040924/tools/bin/../lib/gcc/arm-none-eabi/7.3.1/thumb/v7-m/crtbegin.o
                0x00000000200001e0                . = ALIGN (0x4)

.bss            0x00000000200001e0     0x1ab0 load address 0x00000000080093c4
                0x00000000200001e0                _sbss = .
                0x00000000200001e0                __bss_start__ = _sbss
 *(.bss)
 .bss           0x00000000200001e0       0x1c c:/st/stm32cubeide_1.4.0/stm32cubeide/plugins/com.st.stm32cube.ide.mcu.externaltools.gnu-tools-for-stm32.7-2018-q2-update.win32_1.5.0.202011040924/tools/bin/../lib/gcc/arm-none-eabi/7.3.1/thumb/v7-m/crtbegin.o
 *(.bss*)
 .bss.leds_colors
                0x00000000200001fc       0x18 Core/Src/main.o
 .bss.tmp_led_data
                0x0000000020000214       0xc0 Core/Src/main.o
 .bss.is_reset_pulse
                0x00000000200002d4        0x1 Core/Src/main.o
 .bss.is_updating
                0x00000000200002d5        0x1 Core/Src/main.o
 *fill*         0x00000000200002d6        0x2 
 .bss.current_led
                0x00000000200002d8        0x4 Core/Src/main.o
 .bss.__sbrk_heap_end
                0x00000000200002dc        0x4 Core/Src/sysmem.o
 .bss.cfgidx.10501
                0x00000000200002e0        0x1 Middlewares/ST/STM32_USB_Device_Library/Core/Src/usbd_ctlreq.o
 *fill*         0x00000000200002e1        0x3 
 .bss.__malloc_free_list
                0x00000000200002e4        0x4 c:/st/stm32cubeide_1.4.0/stm32cubeide/plugins/com.st.stm32cube.ide.mcu.externaltools.gnu-tools-for-stm32.7-2018-q2-update.win32_1.5.0.202011040924/tools/bin/../lib/gcc/arm-none-eabi/7.3.1/../../../../arm-none-eabi/lib/thumb/v7-m\libc_nano.a(lib_a-nano-mallocr.o)
                0x00000000200002e4                __malloc_free_list
 .bss.__malloc_sbrk_start
                0x00000000200002e8        0x4 c:/st/stm32cubeide_1.4.0/stm32cubeide/plugins/com.st.stm32cube.ide.mcu.externaltools.gnu-tools-for-stm32.7-2018-q2-update.win32_1.5.0.202011040924/tools/bin/../lib/gcc/arm-none-eabi/7.3.1/../../../../arm-none-eabi/lib/thumb/v7-m\libc_nano.a(lib_a-nano-mallocr.o)
                0x00000000200002e8                __malloc_sbrk_start
 *(COMMON)
 COMMON         0x00000000200002ec       0x28 Core/Src/can.o
                0x00000000200002ec                hcan2
 COMMON         0x0000000020000314       0xb0 Core/Src/spi.o
                0x0000000020000314                hspi3
                0x000000002000036c                hspi1
 COMMON         0x00000000200003c4        0x4 Drivers/STM32F2xx_HAL_Driver/Src/stm32f2xx_hal.o
                0x00000000200003c4                uwTick
 COMMON         0x00000000200003c8      0x2c4 USB_DEVICE/App/usb_device.o
                0x00000000200003c8                hUsbDeviceFS
 COMMON         0x000000002000068c     0x1000 USB_DEVICE/App/usbd_cdc_if.o
                0x000000002000068c                UserRxBufferFS
                0x0000000020000e8c                UserTxBufferFS
 COMMON         0x000000002000168c      0x200 USB_DEVICE/App/usbd_desc.o
                0x000000002000168c                USBD_StrDesc
 COMMON         0x000000002000188c      0x400 USB_DEVICE/Target/usbd_conf.o
                0x000000002000188c                hpcd_USB_OTG_FS
 COMMON         0x0000000020001c8c        0x4 c:/st/stm32cubeide_1.4.0/stm32cubeide/plugins/com.st.stm32cube.ide.mcu.externaltools.gnu-tools-for-stm32.7-2018-q2-update.win32_1.5.0.202011040924/tools/bin/../lib/gcc/arm-none-eabi/7.3.1/../../../../arm-none-eabi/lib/thumb/v7-m\libc_nano.a(lib_a-reent.o)
                0x0000000020001c8c                errno
                0x0000000020001c90                . = ALIGN (0x4)
                0x0000000020001c90                _ebss = .
                0x0000000020001c90                __bss_end__ = _ebss

._user_heap_stack
                0x0000000020001c90      0x600 load address 0x00000000080093c4
                0x0000000020001c90                . = ALIGN (0x8)
                [!provide]                        PROVIDE (end = .)
                0x0000000020001c90                PROVIDE (_end = .)
                0x0000000020001e90                . = (. + _Min_Heap_Size)
 *fill*         0x0000000020001c90      0x200 
                0x0000000020002290                . = (. + _Min_Stack_Size)
 *fill*         0x0000000020001e90      0x400 
                0x0000000020002290                . = ALIGN (0x8)

/DISCARD/
 libc.a(*)
 libm.a(*)
 libgcc.a(*)

.ARM.attributes
                0x0000000000000000       0x29
 *(.ARM.attributes)
 .ARM.attributes
                0x0000000000000000       0x1d c:/st/stm32cubeide_1.4.0/stm32cubeide/plugins/com.st.stm32cube.ide.mcu.externaltools.gnu-tools-for-stm32.7-2018-q2-update.win32_1.5.0.202011040924/tools/bin/../lib/gcc/arm-none-eabi/7.3.1/thumb/v7-m/crti.o
 .ARM.attributes
                0x000000000000001d       0x2d c:/st/stm32cubeide_1.4.0/stm32cubeide/plugins/com.st.stm32cube.ide.mcu.externaltools.gnu-tools-for-stm32.7-2018-q2-update.win32_1.5.0.202011040924/tools/bin/../lib/gcc/arm-none-eabi/7.3.1/thumb/v7-m/crtbegin.o
 .ARM.attributes
                0x000000000000004a       0x33 Core/Src/can.o
 .ARM.attributes
                0x000000000000007d       0x33 Core/Src/dma.o
 .ARM.attributes
                0x00000000000000b0       0x33 Core/Src/gpio.o
 .ARM.attributes
                0x00000000000000e3       0x33 Core/Src/main.o
 .ARM.attributes
                0x0000000000000116       0x33 Core/Src/spi.o
 .ARM.attributes
                0x0000000000000149       0x33 Core/Src/stm32f2xx_hal_msp.o
 .ARM.attributes
                0x000000000000017c       0x33 Core/Src/stm32f2xx_it.o
 .ARM.attributes
                0x00000000000001af       0x33 Core/Src/sysmem.o
 .ARM.attributes
                0x00000000000001e2       0x33 Core/Src/system_stm32f2xx.o
 .ARM.attributes
                0x0000000000000215       0x33 Core/Src/tim.o
 .ARM.attributes
                0x0000000000000248       0x21 Core/Startup/startup_stm32f205vgtx.o
 .ARM.attributes
                0x0000000000000269       0x33 Drivers/STM32F2xx_HAL_Driver/Src/stm32f2xx_hal.o
 .ARM.attributes
                0x000000000000029c       0x33 Drivers/STM32F2xx_HAL_Driver/Src/stm32f2xx_hal_can.o
 .ARM.attributes
                0x00000000000002cf       0x33 Drivers/STM32F2xx_HAL_Driver/Src/stm32f2xx_hal_cortex.o
 .ARM.attributes
                0x0000000000000302       0x33 Drivers/STM32F2xx_HAL_Driver/Src/stm32f2xx_hal_gpio.o
 .ARM.attributes
                0x0000000000000335       0x33 Drivers/STM32F2xx_HAL_Driver/Src/stm32f2xx_hal_pcd.o
 .ARM.attributes
                0x0000000000000368       0x33 Drivers/STM32F2xx_HAL_Driver/Src/stm32f2xx_hal_pcd_ex.o
 .ARM.attributes
                0x000000000000039b       0x33 Drivers/STM32F2xx_HAL_Driver/Src/stm32f2xx_hal_rcc.o
 .ARM.attributes
                0x00000000000003ce       0x33 Drivers/STM32F2xx_HAL_Driver/Src/stm32f2xx_hal_spi.o
 .ARM.attributes
                0x0000000000000401       0x33 Drivers/STM32F2xx_HAL_Driver/Src/stm32f2xx_ll_gpio.o
 .ARM.attributes
                0x0000000000000434       0x33 Drivers/STM32F2xx_HAL_Driver/Src/stm32f2xx_ll_tim.o
 .ARM.attributes
                0x0000000000000467       0x33 Drivers/STM32F2xx_HAL_Driver/Src/stm32f2xx_ll_usb.o
 .ARM.attributes
                0x000000000000049a       0x33 Drivers/STM32F2xx_HAL_Driver/Src/stm32f2xx_ll_utils.o
 .ARM.attributes
                0x00000000000004cd       0x33 Middlewares/ST/STM32_USB_Device_Library/Class/CDC/Src/usbd_cdc.o
 .ARM.attributes
                0x0000000000000500       0x33 Middlewares/ST/STM32_USB_Device_Library/Core/Src/usbd_core.o
 .ARM.attributes
                0x0000000000000533       0x33 Middlewares/ST/STM32_USB_Device_Library/Core/Src/usbd_ctlreq.o
 .ARM.attributes
                0x0000000000000566       0x33 Middlewares/ST/STM32_USB_Device_Library/Core/Src/usbd_ioreq.o
 .ARM.attributes
                0x0000000000000599       0x33 USB_DEVICE/App/usb_device.o
 .ARM.attributes
                0x00000000000005cc       0x33 USB_DEVICE/App/usbd_cdc_if.o
 .ARM.attributes
                0x00000000000005ff       0x33 USB_DEVICE/App/usbd_desc.o
 .ARM.attributes
                0x0000000000000632       0x33 USB_DEVICE/Target/usbd_conf.o
 .ARM.attributes
                0x0000000000000665       0x2d c:/st/stm32cubeide_1.4.0/stm32cubeide/plugins/com.st.stm32cube.ide.mcu.externaltools.gnu-tools-for-stm32.7-2018-q2-update.win32_1.5.0.202011040924/tools/bin/../lib/gcc/arm-none-eabi/7.3.1/../../../../arm-none-eabi/lib/thumb/v7-m\libc_nano.a(lib_a-errno.o)
 .ARM.attributes
                0x0000000000000692       0x2d c:/st/stm32cubeide_1.4.0/stm32cubeide/plugins/com.st.stm32cube.ide.mcu.externaltools.gnu-tools-for-stm32.7-2018-q2-update.win32_1.5.0.202011040924/tools/bin/../lib/gcc/arm-none-eabi/7.3.1/../../../../arm-none-eabi/lib/thumb/v7-m\libc_nano.a(lib_a-impure.o)
 .ARM.attributes
                0x00000000000006bf       0x2d c:/st/stm32cubeide_1.4.0/stm32cubeide/plugins/com.st.stm32cube.ide.mcu.externaltools.gnu-tools-for-stm32.7-2018-q2-update.win32_1.5.0.202011040924/tools/bin/../lib/gcc/arm-none-eabi/7.3.1/../../../../arm-none-eabi/lib/thumb/v7-m\libc_nano.a(lib_a-init.o)
 .ARM.attributes
                0x00000000000006ec       0x2d c:/st/stm32cubeide_1.4.0/stm32cubeide/plugins/com.st.stm32cube.ide.mcu.externaltools.gnu-tools-for-stm32.7-2018-q2-update.win32_1.5.0.202011040924/tools/bin/../lib/gcc/arm-none-eabi/7.3.1/../../../../arm-none-eabi/lib/thumb/v7-m\libc_nano.a(lib_a-malloc.o)
 .ARM.attributes
                0x0000000000000719       0x2d c:/st/stm32cubeide_1.4.0/stm32cubeide/plugins/com.st.stm32cube.ide.mcu.externaltools.gnu-tools-for-stm32.7-2018-q2-update.win32_1.5.0.202011040924/tools/bin/../lib/gcc/arm-none-eabi/7.3.1/../../../../arm-none-eabi/lib/thumb/v7-m\libc_nano.a(lib_a-memset.o)
 .ARM.attributes
                0x0000000000000746       0x2d c:/st/stm32cubeide_1.4.0/stm32cubeide/plugins/com.st.stm32cube.ide.mcu.externaltools.gnu-tools-for-stm32.7-2018-q2-update.win32_1.5.0.202011040924/tools/bin/../lib/gcc/arm-none-eabi/7.3.1/../../../../arm-none-eabi/lib/thumb/v7-m\libc_nano.a(lib_a-nano-freer.o)
 .ARM.attributes
                0x0000000000000773       0x2d c:/st/stm32cubeide_1.4.0/stm32cubeide/plugins/com.st.stm32cube.ide.mcu.externaltools.gnu-tools-for-stm32.7-2018-q2-update.win32_1.5.0.202011040924/tools/bin/../lib/gcc/arm-none-eabi/7.3.1/../../../../arm-none-eabi/lib/thumb/v7-m\libc_nano.a(lib_a-nano-mallocr.o)
 .ARM.attributes
                0x00000000000007a0       0x2d c:/st/stm32cubeide_1.4.0/stm32cubeide/plugins/com.st.stm32cube.ide.mcu.externaltools.gnu-tools-for-stm32.7-2018-q2-update.win32_1.5.0.202011040924/tools/bin/../lib/gcc/arm-none-eabi/7.3.1/../../../../arm-none-eabi/lib/thumb/v7-m\libc_nano.a(lib_a-sbrkr.o)
 .ARM.attributes
                0x00000000000007cd       0x2d c:/st/stm32cubeide_1.4.0/stm32cubeide/plugins/com.st.stm32cube.ide.mcu.externaltools.gnu-tools-for-stm32.7-2018-q2-update.win32_1.5.0.202011040924/tools/bin/../lib/gcc/arm-none-eabi/7.3.1/../../../../arm-none-eabi/lib/thumb/v7-m\libc_nano.a(lib_a-mlock.o)
 .ARM.attributes
                0x00000000000007fa       0x2d c:/st/stm32cubeide_1.4.0/stm32cubeide/plugins/com.st.stm32cube.ide.mcu.externaltools.gnu-tools-for-stm32.7-2018-q2-update.win32_1.5.0.202011040924/tools/bin/../lib/gcc/arm-none-eabi/7.3.1/../../../../arm-none-eabi/lib/thumb/v7-m\libc_nano.a(lib_a-reent.o)
 .ARM.attributes
                0x0000000000000827       0x1d c:/st/stm32cubeide_1.4.0/stm32cubeide/plugins/com.st.stm32cube.ide.mcu.externaltools.gnu-tools-for-stm32.7-2018-q2-update.win32_1.5.0.202011040924/tools/bin/../lib/gcc/arm-none-eabi/7.3.1/thumb/v7-m/crtn.o
OUTPUT(Steering_Wheel.elf elf32-littlearm)

.debug_info     0x0000000000000000    0x1b527
 .debug_info    0x0000000000000000      0x930 Core/Src/can.o
 .debug_info    0x0000000000000930      0x9a4 Core/Src/dma.o
 .debug_info    0x00000000000012d4      0x771 Core/Src/gpio.o
 .debug_info    0x0000000000001a45     0x2a0f Core/Src/main.o
 .debug_info    0x0000000000004454      0xa93 Core/Src/spi.o
 .debug_info    0x0000000000004ee7      0x3dd Core/Src/stm32f2xx_hal_msp.o
 .debug_info    0x00000000000052c4      0x71b Core/Src/stm32f2xx_it.o
 .debug_info    0x00000000000059df      0x985 Core/Src/sysmem.o
 .debug_info    0x0000000000006364      0x3b0 Core/Src/system_stm32f2xx.o
 .debug_info    0x0000000000006714     0x11c0 Core/Src/tim.o
 .debug_info    0x00000000000078d4       0x22 Core/Startup/startup_stm32f205vgtx.o
 .debug_info    0x00000000000078f6      0x9ac Drivers/STM32F2xx_HAL_Driver/Src/stm32f2xx_hal.o
 .debug_info    0x00000000000082a2      0xfa4 Drivers/STM32F2xx_HAL_Driver/Src/stm32f2xx_hal_can.o
 .debug_info    0x0000000000009246      0xe2c Drivers/STM32F2xx_HAL_Driver/Src/stm32f2xx_hal_cortex.o
 .debug_info    0x000000000000a072      0x78d Drivers/STM32F2xx_HAL_Driver/Src/stm32f2xx_hal_gpio.o
 .debug_info    0x000000000000a7ff     0x115a Drivers/STM32F2xx_HAL_Driver/Src/stm32f2xx_hal_pcd.o
 .debug_info    0x000000000000b959      0x733 Drivers/STM32F2xx_HAL_Driver/Src/stm32f2xx_hal_pcd_ex.o
 .debug_info    0x000000000000c08c      0xae3 Drivers/STM32F2xx_HAL_Driver/Src/stm32f2xx_hal_rcc.o
 .debug_info    0x000000000000cb6f     0x1658 Drivers/STM32F2xx_HAL_Driver/Src/stm32f2xx_hal_spi.o
 .debug_info    0x000000000000e1c7      0x91b Drivers/STM32F2xx_HAL_Driver/Src/stm32f2xx_ll_gpio.o
 .debug_info    0x000000000000eae2      0xf68 Drivers/STM32F2xx_HAL_Driver/Src/stm32f2xx_ll_tim.o
 .debug_info    0x000000000000fa4a     0x18dd Drivers/STM32F2xx_HAL_Driver/Src/stm32f2xx_ll_usb.o
 .debug_info    0x0000000000011327      0x902 Drivers/STM32F2xx_HAL_Driver/Src/stm32f2xx_ll_utils.o
 .debug_info    0x0000000000011c29     0x17e6 Middlewares/ST/STM32_USB_Device_Library/Class/CDC/Src/usbd_cdc.o
 .debug_info    0x000000000001340f     0x124d Middlewares/ST/STM32_USB_Device_Library/Core/Src/usbd_core.o
 .debug_info    0x000000000001465c     0x11bd Middlewares/ST/STM32_USB_Device_Library/Core/Src/usbd_ctlreq.o
 .debug_info    0x0000000000015819      0xfae Middlewares/ST/STM32_USB_Device_Library/Core/Src/usbd_ioreq.o
 .debug_info    0x00000000000167c7      0xef6 USB_DEVICE/App/usb_device.o
 .debug_info    0x00000000000176bd     0x10b1 USB_DEVICE/App/usbd_cdc_if.o
 .debug_info    0x000000000001876e      0xd92 USB_DEVICE/App/usbd_desc.o
 .debug_info    0x0000000000019500     0x2027 USB_DEVICE/Target/usbd_conf.o

.debug_abbrev   0x0000000000000000     0x3f0a
 .debug_abbrev  0x0000000000000000      0x1bc Core/Src/can.o
 .debug_abbrev  0x00000000000001bc      0x1c1 Core/Src/dma.o
 .debug_abbrev  0x000000000000037d      0x13d Core/Src/gpio.o
 .debug_abbrev  0x00000000000004ba      0x3d5 Core/Src/main.o
 .debug_abbrev  0x000000000000088f      0x199 Core/Src/spi.o
 .debug_abbrev  0x0000000000000a28      0x109 Core/Src/stm32f2xx_hal_msp.o
 .debug_abbrev  0x0000000000000b31      0x18b Core/Src/stm32f2xx_it.o
 .debug_abbrev  0x0000000000000cbc      0x19b Core/Src/sysmem.o
 .debug_abbrev  0x0000000000000e57      0x12b Core/Src/system_stm32f2xx.o
 .debug_abbrev  0x0000000000000f82      0x1f7 Core/Src/tim.o
 .debug_abbrev  0x0000000000001179       0x12 Core/Startup/startup_stm32f205vgtx.o
 .debug_abbrev  0x000000000000118b      0x236 Drivers/STM32F2xx_HAL_Driver/Src/stm32f2xx_hal.o
 .debug_abbrev  0x00000000000013c1      0x20e Drivers/STM32F2xx_HAL_Driver/Src/stm32f2xx_hal_can.o
 .debug_abbrev  0x00000000000015cf      0x2fa Drivers/STM32F2xx_HAL_Driver/Src/stm32f2xx_hal_cortex.o
 .debug_abbrev  0x00000000000018c9      0x1c0 Drivers/STM32F2xx_HAL_Driver/Src/stm32f2xx_hal_gpio.o
 .debug_abbrev  0x0000000000001a89      0x266 Drivers/STM32F2xx_HAL_Driver/Src/stm32f2xx_hal_pcd.o
 .debug_abbrev  0x0000000000001cef      0x1c0 Drivers/STM32F2xx_HAL_Driver/Src/stm32f2xx_hal_pcd_ex.o
 .debug_abbrev  0x0000000000001eaf      0x25f Drivers/STM32F2xx_HAL_Driver/Src/stm32f2xx_hal_rcc.o
 .debug_abbrev  0x000000000000210e      0x240 Drivers/STM32F2xx_HAL_Driver/Src/stm32f2xx_hal_spi.o
 .debug_abbrev  0x000000000000234e      0x212 Drivers/STM32F2xx_HAL_Driver/Src/stm32f2xx_ll_gpio.o
 .debug_abbrev  0x0000000000002560      0x1c9 Drivers/STM32F2xx_HAL_Driver/Src/stm32f2xx_ll_tim.o
 .debug_abbrev  0x0000000000002729      0x26d Drivers/STM32F2xx_HAL_Driver/Src/stm32f2xx_ll_usb.o
 .debug_abbrev  0x0000000000002996      0x20f Drivers/STM32F2xx_HAL_Driver/Src/stm32f2xx_ll_utils.o
 .debug_abbrev  0x0000000000002ba5      0x2c5 Middlewares/ST/STM32_USB_Device_Library/Class/CDC/Src/usbd_cdc.o
 .debug_abbrev  0x0000000000002e6a      0x270 Middlewares/ST/STM32_USB_Device_Library/Core/Src/usbd_core.o
 .debug_abbrev  0x00000000000030da      0x2a0 Middlewares/ST/STM32_USB_Device_Library/Core/Src/usbd_ctlreq.o
 .debug_abbrev  0x000000000000337a      0x1ef Middlewares/ST/STM32_USB_Device_Library/Core/Src/usbd_ioreq.o
 .debug_abbrev  0x0000000000003569      0x1cd USB_DEVICE/App/usb_device.o
 .debug_abbrev  0x0000000000003736      0x294 USB_DEVICE/App/usbd_cdc_if.o
 .debug_abbrev  0x00000000000039ca      0x29f USB_DEVICE/App/usbd_desc.o
 .debug_abbrev  0x0000000000003c69      0x2a1 USB_DEVICE/Target/usbd_conf.o

.debug_aranges  0x0000000000000000     0x1438
 .debug_aranges
                0x0000000000000000       0x30 Core/Src/can.o
 .debug_aranges
                0x0000000000000030       0x48 Core/Src/dma.o
 .debug_aranges
                0x0000000000000078       0x20 Core/Src/gpio.o
 .debug_aranges
                0x0000000000000098      0x218 Core/Src/main.o
 .debug_aranges
                0x00000000000002b0       0x38 Core/Src/spi.o
 .debug_aranges
                0x00000000000002e8       0x20 Core/Src/stm32f2xx_hal_msp.o
 .debug_aranges
                0x0000000000000308       0x88 Core/Src/stm32f2xx_it.o
 .debug_aranges
                0x0000000000000390       0x20 Core/Src/sysmem.o
 .debug_aranges
                0x00000000000003b0       0x28 Core/Src/system_stm32f2xx.o
 .debug_aranges
                0x00000000000003d8       0xd8 Core/Src/tim.o
 .debug_aranges
                0x00000000000004b0       0x28 Core/Startup/startup_stm32f205vgtx.o
 .debug_aranges
                0x00000000000004d8       0xf0 Drivers/STM32F2xx_HAL_Driver/Src/stm32f2xx_hal.o
 .debug_aranges
                0x00000000000005c8      0x138 Drivers/STM32F2xx_HAL_Driver/Src/stm32f2xx_hal_can.o
 .debug_aranges
                0x0000000000000700      0x118 Drivers/STM32F2xx_HAL_Driver/Src/stm32f2xx_hal_cortex.o
 .debug_aranges
                0x0000000000000818       0x58 Drivers/STM32F2xx_HAL_Driver/Src/stm32f2xx_hal_gpio.o
 .debug_aranges
                0x0000000000000870      0x138 Drivers/STM32F2xx_HAL_Driver/Src/stm32f2xx_hal_pcd.o
 .debug_aranges
                0x00000000000009a8       0x38 Drivers/STM32F2xx_HAL_Driver/Src/stm32f2xx_hal_pcd_ex.o
 .debug_aranges
                0x00000000000009e0       0x88 Drivers/STM32F2xx_HAL_Driver/Src/stm32f2xx_hal_rcc.o
 .debug_aranges
                0x0000000000000a68      0x1d0 Drivers/STM32F2xx_HAL_Driver/Src/stm32f2xx_hal_spi.o
 .debug_aranges
                0x0000000000000c38       0x70 Drivers/STM32F2xx_HAL_Driver/Src/stm32f2xx_ll_gpio.o
 .debug_aranges
                0x0000000000000ca8      0x128 Drivers/STM32F2xx_HAL_Driver/Src/stm32f2xx_ll_tim.o
 .debug_aranges
                0x0000000000000dd0      0x198 Drivers/STM32F2xx_HAL_Driver/Src/stm32f2xx_ll_usb.o
 .debug_aranges
                0x0000000000000f68       0xf0 Drivers/STM32F2xx_HAL_Driver/Src/stm32f2xx_ll_utils.o
 .debug_aranges
                0x0000000000001058       0x90 Middlewares/ST/STM32_USB_Device_Library/Class/CDC/Src/usbd_cdc.o
 .debug_aranges
                0x00000000000010e8       0xb8 Middlewares/ST/STM32_USB_Device_Library/Core/Src/usbd_core.o
 .debug_aranges
                0x00000000000011a0       0x88 Middlewares/ST/STM32_USB_Device_Library/Core/Src/usbd_ctlreq.o
 .debug_aranges
                0x0000000000001228       0x50 Middlewares/ST/STM32_USB_Device_Library/Core/Src/usbd_ioreq.o
 .debug_aranges
                0x0000000000001278       0x20 USB_DEVICE/App/usb_device.o
 .debug_aranges
                0x0000000000001298       0x40 USB_DEVICE/App/usbd_cdc_if.o
 .debug_aranges
                0x00000000000012d8       0x60 USB_DEVICE/App/usbd_desc.o
 .debug_aranges
                0x0000000000001338      0x100 USB_DEVICE/Target/usbd_conf.o

.debug_ranges   0x0000000000000000     0x1250
 .debug_ranges  0x0000000000000000       0x20 Core/Src/can.o
 .debug_ranges  0x0000000000000020       0x38 Core/Src/dma.o
 .debug_ranges  0x0000000000000058       0x10 Core/Src/gpio.o
 .debug_ranges  0x0000000000000068      0x208 Core/Src/main.o
 .debug_ranges  0x0000000000000270       0x28 Core/Src/spi.o
 .debug_ranges  0x0000000000000298       0x10 Core/Src/stm32f2xx_hal_msp.o
 .debug_ranges  0x00000000000002a8       0x78 Core/Src/stm32f2xx_it.o
 .debug_ranges  0x0000000000000320       0x10 Core/Src/sysmem.o
 .debug_ranges  0x0000000000000330       0x18 Core/Src/system_stm32f2xx.o
 .debug_ranges  0x0000000000000348       0xc8 Core/Src/tim.o
 .debug_ranges  0x0000000000000410       0x20 Core/Startup/startup_stm32f205vgtx.o
 .debug_ranges  0x0000000000000430       0xe0 Drivers/STM32F2xx_HAL_Driver/Src/stm32f2xx_hal.o
 .debug_ranges  0x0000000000000510      0x128 Drivers/STM32F2xx_HAL_Driver/Src/stm32f2xx_hal_can.o
 .debug_ranges  0x0000000000000638      0x108 Drivers/STM32F2xx_HAL_Driver/Src/stm32f2xx_hal_cortex.o
 .debug_ranges  0x0000000000000740       0x48 Drivers/STM32F2xx_HAL_Driver/Src/stm32f2xx_hal_gpio.o
 .debug_ranges  0x0000000000000788      0x128 Drivers/STM32F2xx_HAL_Driver/Src/stm32f2xx_hal_pcd.o
 .debug_ranges  0x00000000000008b0       0x28 Drivers/STM32F2xx_HAL_Driver/Src/stm32f2xx_hal_pcd_ex.o
 .debug_ranges  0x00000000000008d8       0x78 Drivers/STM32F2xx_HAL_Driver/Src/stm32f2xx_hal_rcc.o
 .debug_ranges  0x0000000000000950      0x1c0 Drivers/STM32F2xx_HAL_Driver/Src/stm32f2xx_hal_spi.o
 .debug_ranges  0x0000000000000b10       0x60 Drivers/STM32F2xx_HAL_Driver/Src/stm32f2xx_ll_gpio.o
 .debug_ranges  0x0000000000000b70      0x118 Drivers/STM32F2xx_HAL_Driver/Src/stm32f2xx_ll_tim.o
 .debug_ranges  0x0000000000000c88      0x188 Drivers/STM32F2xx_HAL_Driver/Src/stm32f2xx_ll_usb.o
 .debug_ranges  0x0000000000000e10       0xe0 Drivers/STM32F2xx_HAL_Driver/Src/stm32f2xx_ll_utils.o
 .debug_ranges  0x0000000000000ef0       0x80 Middlewares/ST/STM32_USB_Device_Library/Class/CDC/Src/usbd_cdc.o